START
STOP n=291821 PREIC=521152 IC=521152 IA=000020 INST=FF04000D0001 ST=UNSUPPORTED POSTPSW=0004000160000020
PRE IC=521025 IA=006540 INST=41AA000012AA PSW=0004000090006540 R6=00000000 R14=00016170 R15=500064D2
PRE IC=521026 IA=006544 INST=12AA4770F064 PSW=0004000090006544 R6=00000000 R14=00016170 R15=500064D2
PRE IC=521027 IA=006546 INST=4770F06447F0 PSW=0004000060006546 R6=00000000 R14=00016170 R15=500064D2
PRE IC=521028 IA=006536 INST=19A24780F07C PSW=00040000A0006536 R6=00000000 R14=00016170 R15=500064D2
PRE IC=521029 IA=006538 INST=4780F07C58AA PSW=0004000050006538 R6=00000000 R14=00016170 R15=500064D2
PRE IC=521030 IA=00653C INST=58AA007441AA PSW=000400009000653C R6=00000000 R14=00016170 R15=500064D2
PRE IC=521031 IA=006540 INST=41AA000012AA PSW=0004000090006540 R6=00000000 R14=00016170 R15=500064D2
PRE IC=521032 IA=006544 INST=12AA4770F064 PSW=0004000090006544 R6=00000000 R14=00016170 R15=500064D2
PRE IC=521033 IA=006546 INST=4770F06447F0 PSW=0004000060006546 R6=00000000 R14=00016170 R15=500064D2
PRE IC=521034 IA=006536 INST=19A24780F07C PSW=00040000A0006536 R6=00000000 R14=00016170 R15=500064D2
PRE IC=521035 IA=006538 INST=4780F07C58AA PSW=0004000050006538 R6=00000000 R14=00016170 R15=500064D2
PRE IC=521036 IA=00653C INST=58AA007441AA PSW=000400009000653C R6=00000000 R14=00016170 R15=500064D2
PRE IC=521037 IA=006540 INST=41AA000012AA PSW=0004000090006540 R6=00000000 R14=00016170 R15=500064D2
PRE IC=521038 IA=006544 INST=12AA4770F064 PSW=0004000090006544 R6=00000000 R14=00016170 R15=500064D2
PRE IC=521039 IA=006546 INST=4770F06447F0 PSW=0004000060006546 R6=00000000 R14=00016170 R15=500064D2
PRE IC=521040 IA=006536 INST=19A24780F07C PSW=00040000A0006536 R6=00000000 R14=00016170 R15=500064D2
PRE IC=521041 IA=006538 INST=4780F07C58AA PSW=0004000050006538 R6=00000000 R14=00016170 R15=500064D2
PRE IC=521042 IA=00653C INST=58AA007441AA PSW=000400009000653C R6=00000000 R14=00016170 R15=500064D2
PRE IC=521043 IA=006540 INST=41AA000012AA PSW=0004000090006540 R6=00000000 R14=00016170 R15=500064D2
PRE IC=521044 IA=006544 INST=12AA4770F064 PSW=0004000090006544 R6=00000000 R14=00016170 R15=500064D2
PRE IC=521045 IA=006546 INST=4770F06447F0 PSW=0004000060006546 R6=00000000 R14=00016170 R15=500064D2
PRE IC=521046 IA=006536 INST=19A24780F07C PSW=00040000A0006536 R6=00000000 R14=00016170 R15=500064D2
PRE IC=521047 IA=006538 INST=4780F07C58AA PSW=0004000050006538 R6=00000000 R14=00016170 R15=500064D2
PRE IC=521048 IA=00653C INST=58AA007441AA PSW=000400009000653C R6=00000000 R14=00016170 R15=500064D2
PRE IC=521049 IA=006540 INST=41AA000012AA PSW=0004000090006540 R6=00000000 R14=00016170 R15=500064D2
PRE IC=521050 IA=006544 INST=12AA4770F064 PSW=0004000090006544 R6=00000000 R14=00016170 R15=500064D2
PRE IC=521051 IA=006546 INST=4770F06447F0 PSW=0004000060006546 R6=00000000 R14=00016170 R15=500064D2
PRE IC=521052 IA=006536 INST=19A24780F07C PSW=00040000A0006536 R6=00000000 R14=00016170 R15=500064D2
PRE IC=521053 IA=006538 INST=4780F07C58AA PSW=0004000050006538 R6=00000000 R14=00016170 R15=500064D2
PRE IC=521054 IA=00653C INST=58AA007441AA PSW=000400009000653C R6=00000000 R14=00016170 R15=500064D2
PRE IC=521055 IA=006540 INST=41AA000012AA PSW=0004000090006540 R6=00000000 R14=00016170 R15=500064D2
PRE IC=521056 IA=006544 INST=12AA4770F064 PSW=0004000090006544 R6=00000000 R14=00016170 R15=500064D2
PRE IC=521057 IA=006546 INST=4770F06447F0 PSW=0004000060006546 R6=00000000 R14=00016170 R15=500064D2
PRE IC=521058 IA=006536 INST=19A24780F07C PSW=00040000A0006536 R6=00000000 R14=00016170 R15=500064D2
PRE IC=521059 IA=006538 INST=4780F07C58AA PSW=0004000050006538 R6=00000000 R14=00016170 R15=500064D2
PRE IC=521060 IA=00653C INST=58AA007441AA PSW=000400009000653C R6=00000000 R14=00016170 R15=500064D2
PRE IC=521061 IA=006540 INST=41AA000012AA PSW=0004000090006540 R6=00000000 R14=00016170 R15=500064D2
PRE IC=521062 IA=006544 INST=12AA4770F064 PSW=0004000090006544 R6=00000000 R14=00016170 R15=500064D2
PRE IC=521063 IA=006546 INST=4770F06447F0 PSW=0004000060006546 R6=00000000 R14=00016170 R15=500064D2
PRE IC=521064 IA=006536 INST=19A24780F07C PSW=00040000A0006536 R6=00000000 R14=00016170 R15=500064D2
PRE IC=521065 IA=006538 INST=4780F07C58AA PSW=0004000050006538 R6=00000000 R14=00016170 R15=500064D2
PRE IC=521066 IA=00653C INST=58AA007441AA PSW=000400009000653C R6=00000000 R14=00016170 R15=500064D2
PRE IC=521067 IA=006540 INST=41AA000012AA PSW=0004000090006540 R6=00000000 R14=00016170 R15=500064D2
PRE IC=521068 IA=006544 INST=12AA4770F064 PSW=0004000090006544 R6=00000000 R14=00016170 R15=500064D2
PRE IC=521069 IA=006546 INST=4770F06447F0 PSW=0004000060006546 R6=00000000 R14=00016170 R15=500064D2
PRE IC=521070 IA=006536 INST=19A24780F07C PSW=00040000A0006536 R6=00000000 R14=00016170 R15=500064D2
PRE IC=521071 IA=006538 INST=4780F07C58AA PSW=0004000050006538 R6=00000000 R14=00016170 R15=500064D2
PRE IC=521072 IA=00653C INST=58AA007441AA PSW=000400009000653C R6=00000000 R14=00016170 R15=500064D2
PRE IC=521073 IA=006540 INST=41AA000012AA PSW=0004000090006540 R6=00000000 R14=00016170 R15=500064D2
PRE IC=521074 IA=006544 INST=12AA4770F064 PSW=0004000090006544 R6=00000000 R14=00016170 R15=500064D2
PRE IC=521075 IA=006546 INST=4770F06447F0 PSW=0004000060006546 R6=00000000 R14=00016170 R15=500064D2
PRE IC=521076 IA=006536 INST=19A24780F07C PSW=00040000A0006536 R6=00000000 R14=00016170 R15=500064D2
PRE IC=521077 IA=006538 INST=4780F07C58AA PSW=0004000050006538 R6=00000000 R14=00016170 R15=500064D2
PRE IC=521078 IA=00653C INST=58AA007441AA PSW=000400009000653C R6=00000000 R14=00016170 R15=500064D2
PRE IC=521079 IA=006540 INST=41AA000012AA PSW=0004000090006540 R6=00000000 R14=00016170 R15=500064D2
PRE IC=521080 IA=006544 INST=12AA4770F064 PSW=0004000090006544 R6=00000000 R14=00016170 R15=500064D2
PRE IC=521081 IA=006546 INST=4770F06447F0 PSW=0004000060006546 R6=00000000 R14=00016170 R15=500064D2
PRE IC=521082 IA=006536 INST=19A24780F07C PSW=00040000A0006536 R6=00000000 R14=00016170 R15=500064D2
PRE IC=521083 IA=006538 INST=4780F07C58AA PSW=0004000040006538 R6=00000000 R14=00016170 R15=500064D2
PRE IC=521084 IA=00654E INST=9180A0214710 PSW=000400008000654E R6=00000000 R14=00016170 R15=500064D2
PRE IC=521085 IA=006552 INST=4710F258910C PSW=0004000080006552 R6=00000000 R14=00016170 R15=500064D2
PRE IC=521086 IA=006556 INST=910CA0AE4780 PSW=0004000080006556 R6=00000000 R14=00016170 R15=500064D2
PRE IC=521087 IA=00655A INST=4780F09E94F3 PSW=000400008000655A R6=00000000 R14=00016170 R15=500064D2
PRE IC=521088 IA=006570 INST=9180A0A04710 PSW=0004000080006570 R6=00000000 R14=00016170 R15=500064D2
PRE IC=521089 IA=006574 INST=4710F0A65890 PSW=0004000080006574 R6=00000000 R14=00016170 R15=500064D2
PRE IC=521090 IA=006578 INST=5890A07C199A PSW=0004000080006578 R6=00000000 R14=00016170 R15=500064D2
PRE IC=521091 IA=00657C INST=199A4780F0EE PSW=000400008000657C R6=00000000 R14=00016170 R15=500064D2
PRE IC=521092 IA=00657E INST=4780F0EE9120 PSW=000400004000657E R6=00000000 R14=00016170 R15=500064D2
PRE IC=521093 IA=0065C0 INST=5880A0841984 PSW=00040000800065C0 R6=00000000 R14=00016170 R15=500064D2
PRE IC=521094 IA=0065C4 INST=19844770F0B0 PSW=00040000800065C4 R6=00000000 R14=00016170 R15=500064D2
PRE IC=521095 IA=0065C6 INST=4770F0B047F0 PSW=00040000500065C6 R6=00000000 R14=00016170 R15=500064D2
PRE IC=521096 IA=006582 INST=9120A01F4710 PSW=0004000090006582 R6=00000000 R14=00016170 R15=500064D2
PRE IC=521097 IA=006586 INST=4710F2589140 PSW=00040000B0006586 R6=00000000 R14=00016170 R15=500064D2
PRE IC=521098 IA=00672A INST=5880F32A91F0 PSW=00040000B000672A R6=00000000 R14=00016170 R15=500064D2
PRE IC=521099 IA=00672E INST=91F080004770 PSW=00040000B000672E R6=00000000 R14=00016170 R15=500064D2
PRE IC=521100 IA=006732 INST=4770F27CD502 PSW=0004000080006732 R6=00000000 R14=00016170 R15=500064D2
PRE IC=521101 IA=006736 INST=D502F31BF32F PSW=0004000080006736 R6=00000000 R14=00016170 R15=500064D2
PRE IC=521102 IA=00673C INST=4770F28E58E0 PSW=00040000E000673C R6=00000000 R14=00016170 R15=500064D2
PRE IC=521103 IA=006760 INST=982EF2EA94F0 PSW=00040000A0006760 R6=00000000 R14=00016170 R15=500064D2
PRE IC=521104 IA=006764 INST=94F0F35307FE PSW=00040000A0006764 R6=00000000 R14=00016170 R15=500064D2
PRE IC=521105 IA=006768 INST=07FE070045F0 PSW=0004000080006768 R6=00000000 R14=00016170 R15=500064D2
PRE IC=521106 IA=016170 INST=05E04700E108 PSW=0004000040016170 R6=00000000 R14=00016170 R15=500064D2
PRE IC=521107 IA=016172 INST=4700E1084700 PSW=0004000040016172 R6=00000000 R14=40016172 R15=500064D2
PRE IC=521108 IA=016176 INST=4700E1F858F0 PSW=0004000080016176 R6=00000000 R14=40016172 R15=500064D2
PRE IC=521109 IA=01617A INST=58F000109180 PSW=000400008001617A R6=00000000 R14=40016172 R15=500064D2
PRE IC=521110 IA=01617E INST=9180F0E44780 PSW=000400008001617E R6=00000000 R14=40016172 R15=00014070
PRE IC=521111 IA=016182 INST=4780E02258A0 PSW=0004000080016182 R6=00000000 R14=40016172 R15=00014070
PRE IC=521112 IA=016194 INST=98ABE52215AB PSW=0004000080016194 R6=00000000 R14=40016172 R15=00014070
PRE IC=521113 IA=016198 INST=15AB4770E052 PSW=0004000080016198 R6=00000000 R14=40016172 R15=00014070
PRE IC=521114 IA=01619A INST=4770E05258C0 PSW=000400004001619A R6=00000000 R14=40016172 R15=00014070
PRE IC=521115 IA=01619E INST=58C0A000D207 PSW=000400008001619E R6=00000000 R14=40016172 R15=00014070
PRE IC=521116 IA=0161A2 INST=D2070200C010 PSW=00040000800161A2 R6=00000000 R14=40016172 R15=00014070
PRE IC=521117 IA=0161A8 INST=AF040FE74704 PSW=00040000C00161A8 R6=00000000 R14=40016172 R15=00014070
PRE IC=521118 IA=0161AC INST=47040FE758A0 PSW=00040000800161AC R6=00000000 R14=40016172 R15=00014070
PRE IC=521119 IA=0161B0 INST=58A0E81218EB PSW=00040000800161B0 R6=00000000 R14=40016172 R15=00014070
PRE IC=521120 IA=0161B4 INST=18EB05BA980F PSW=00040000800161B4 R6=00000000 R14=40016172 R15=00014070
PRE IC=521121 IA=0161B6 INST=05BA980FE030 PSW=00040000400161B6 R6=00000000 R14=0000B000 R15=00014070
PRE IC=521122 IA=018A18 INST=50B0A0A445A0 PSW=0004000040018A18 R6=00000000 R14=0000B000 R15=00014070
PRE IC=521123 IA=018A1C INST=45A0A05258D0 PSW=0004000080018A1C R6=00000000 R14=0000B000 R15=00014070
PRE IC=521124 IA=018A6A INST=05B04700B044 PSW=0004000080018A6A R6=00000000 R14=0000B000 R15=00014070
PRE IC=521125 IA=018A6C INST=4700B04490CF PSW=0004000040018A6C R6=00000000 R14=0000B000 R15=00014070
PRE IC=521126 IA=018A70 INST=90CFB05458F0 PSW=0004000080018A70 R6=00000000 R14=0000B000 R15=00014070
PRE IC=521127 IA=018A74 INST=58F0B09491C0 PSW=0004000080018A74 R6=00000000 R14=0000B000 R15=00014070
PRE IC=521128 IA=018A78 INST=91C0F0EC4710 PSW=0004000080018A78 R6=00000000 R14=0000B000 R15=00014070
PRE IC=521129 IA=018A7C INST=4710B03C58C0 PSW=0004000080018A7C R6=00000000 R14=0000B000 R15=00014070
PRE IC=521130 IA=018A80 INST=58C0B06C41CC PSW=0004000080018A80 R6=00000000 R14=0000B000 R15=00014070
PRE IC=521131 IA=018A84 INST=41CC002055C0 PSW=0004000080018A84 R6=00000000 R14=0000B000 R15=00014070
PRE IC=521132 IA=018A88 INST=55C0B07447A0 PSW=0004000080018A88 R6=00000000 R14=0000B000 R15=00014070
PRE IC=521133 IA=018A8C INST=47A0B02C50C0 PSW=0004000090018A8C R6=00000000 R14=0000B000 R15=00014070
PRE IC=521134 IA=018A90 INST=50C0B06C47F0 PSW=0004000090018A90 R6=00000000 R14=0000B000 R15=00014070
PRE IC=521135 IA=018A94 INST=47F0B03458C0 PSW=0004000090018A94 R6=00000000 R14=0000B000 R15=00014070
PRE IC=521136 IA=018AA0 INST=D203C01C0050 PSW=0004000090018AA0 R6=00000000 R14=0000B000 R15=00014070
PRE IC=521137 IA=018AA6 INST=07FA05A098BF PSW=00040000D0018AA6 R6=00000000 R14=0000B000 R15=00014070
PRE IC=521138 IA=018A20 INST=58D0A0A0D207 PSW=0004000050018A20 R6=00000000 R14=0000B000 R15=00014070
PRE IC=521139 IA=018A24 INST=D207C000D010 PSW=0004000090018A24 R6=00000000 R14=0000B000 R15=00014070
PRE IC=521140 IA=018A2A INST=96D0C00250EC PSW=00040000D0018A2A R6=00000000 R14=0000B000 R15=00014070
PRE IC=521141 IA=018A2E INST=50EC001858DE PSW=0004000090018A2E R6=00000000 R14=0000B000 R15=00014070
PRE IC=521142 IA=018A32 INST=58DE006C98EF PSW=0004000090018A32 R6=00000000 R14=0000B000 R15=00014070
PRE IC=521143 IA=018A36 INST=98EFE03090DF PSW=0004000090018A36 R6=00000000 R14=0000B000 R15=00014070
PRE IC=521144 IA=018A3A INST=90DFC00847F0 PSW=0004000090018A3A R6=00000000 R14=00000180 R15=00FF6680
PRE IC=521145 IA=018A3E INST=47F0A08850B0 PSW=0004000090018A3E R6=00000000 R14=00000180 R15=00FF6680
PRE IC=521146 IA=018AA8 INST=05A098BFA012 PSW=0004000090018AA8 R6=00000000 R14=00000180 R15=00FF6680
PRE IC=521147 IA=018AAA INST=98BFA01207FB PSW=0004000050018AAA R6=00000000 R14=00000180 R15=00FF6680
PRE IC=521148 IA=018AAE INST=07FB98ABB04C PSW=0004000090018AAE R6=00000000 R14=0000B000 R15=00014070
PRE IC=521149 IA=0161B8 INST=980FE03094F7 PSW=00040000500161B8 R6=00000000 R14=0000B000 R15=00014070
PRE IC=521150 IA=0161BC INST=94F702018200 PSW=00040000900161BC R6=00000000 R14=600154E8 R15=00000004
PRE IC=521151 IA=0161C0 INST=8200020058D0 PSW=00040000900161C0 R6=00000000 R14=600154E8 R15=00000004
PRE IC=521152 IA=000020 INST=FF04000D0001 PSW=0004000160000020 R6=00000000 R14=600154E8 R15=00000004
LOWCORE SVCOLD20=FF04000D00014144 PGMOLD28=0004000160000020 SVCNEW60=00040000000165F0 PGMNEW68=00040000000002CA
END
