START
PRE IC=511890 IA=0145C8 INST=5800890E5550 PSW=00040000A00145C8 R2=A00154CC R0=FF000090 CC=2
PRE IC=511891 IA=0145CC INST=555032B247D0 PSW=00040000A00145CC R2=A00154CC R0=00FFFFFF CC=2
PRE IC=511892 IA=0145D0 INST=47D0844C4590 PSW=00040000A00145D0 R2=A00154CC R0=00FFFFFF CC=2
PRE IC=511893 IA=0145D4 INST=459084AA47F0 PSW=00040000A00145D4 R2=A00154CC R0=00FFFFFF CC=2
PRE IC=511894 IA=014644 INST=1B6618B6582C PSW=00040000A0014644 R2=A00154CC R0=00FFFFFF CC=2
PRE IC=511895 IA=014646 INST=18B6582C0004 PSW=0004000040014646 R2=A00154CC R0=00FFFFFF CC=0
PRE IC=511896 IA=014648 INST=582C00041420 PSW=0004000040014648 R2=A00154CC R0=00FFFFFF CC=0
PRE IC=511897 IA=01464C INST=1420506032CE PSW=000400008001464C R2=00029960 R0=00FFFFFF CC=0
PRE IC=511898 IA=01464E INST=506032CE0789 PSW=000400005001464E R2=00029960 R0=00FFFFFF CC=1
PRE IC=511899 IA=014652 INST=078918E2587E PSW=0004000090014652 R2=00029960 R0=00FFFFFF CC=1
PRE IC=511900 IA=014654 INST=18E2587E0000 PSW=0004000050014654 R2=00029960 R0=00FFFFFF CC=1
PRE IC=511901 IA=014656 INST=587E00001470 PSW=0004000050014656 R2=00029960 R0=00FFFFFF CC=1
PRE IC=511902 IA=01465A INST=14704780851A PSW=000400009001465A R2=00029960 R0=00FFFFFF CC=1
PRE IC=511903 IA=01465C INST=4780851A9107 PSW=000400005001465C R2=00029960 R0=00FFFFFF CC=1
PRE IC=511904 IA=014660 INST=9107E0034770 PSW=0004000090014660 R2=00029960 R0=00FFFFFF CC=1
PRE IC=511905 IA=014664 INST=47708BB691FF PSW=0004000080014664 R2=00029960 R0=00FFFFFF CC=0
PRE IC=511906 IA=014668 INST=91FFE0004770 PSW=0004000080014668 R2=00029960 R0=00FFFFFF CC=0
PRE IC=511907 IA=01466C INST=47708BB658F7 PSW=000400008001466C R2=00029960 R0=00FFFFFF CC=0
PRE IC=511908 IA=014670 INST=58F700041BFA PSW=0004000080014670 R2=00029960 R0=00FFFFFF CC=0
PRE IC=511909 IA=014674 INST=1BFA47B90004 PSW=0004000080014674 R2=00029960 R0=00FFFFFF CC=0
PRE IC=511910 IA=014676 INST=47B900041AFA PSW=0004000060014676 R2=00029960 R0=00FFFFFF CC=2
PRE IC=511911 IA=0145DC INST=12554740846C PSW=00040000A00145DC R2=00029960 R0=00FFFFFF CC=2
PRE IC=511912 IA=0145DE INST=4740846C47F0 PSW=00040000600145DE R2=00029960 R0=00FFFFFF CC=2
PRE IC=511913 IA=0145E2 INST=47F0845E4160 PSW=00040000A00145E2 R2=00029960 R0=00FFFFFF CC=2
PRE IC=511914 IA=0145F8 INST=4590865C98B3 PSW=00040000A00145F8 R2=00029960 R0=00FFFFFF CC=2
PRE IC=511915 IA=0147F6 INST=555032B247B0 PSW=00040000A00147F6 R2=00029960 R0=00FFFFFF CC=2
PRE IC=511916 IA=0147FA INST=47B08670920C PSW=00040000A00147FA R2=00029960 R0=00FFFFFF CC=2
PRE IC=511917 IA=01480A INST=12FF4780869C PSW=00040000A001480A R2=00029960 R0=00FFFFFF CC=2
PRE IC=511918 IA=01480C INST=4780869C50F7 PSW=000400006001480C R2=00029960 R0=00FFFFFF CC=2
PRE IC=511919 IA=014810 INST=50F700041A7F PSW=00040000A0014810 R2=00029960 R0=00FFFFFF CC=2
PRE IC=511920 IA=014814 INST=1A7F555032B2 PSW=00040000A0014814 R2=00029960 R0=00FFFFFF CC=2
PRE IC=511921 IA=014816 INST=555032B207B9 PSW=0004000060014816 R2=00029960 R0=00FFFFFF CC=2
PRE IC=511922 IA=01481A INST=07B94117A000 PSW=00040000A001481A R2=00029960 R0=00FFFFFF CC=2
PRE IC=511923 IA=0145FC INST=98B388DA507B PSW=00040000600145FC R2=00029960 R0=00FFFFFF CC=2
PRE IC=511924 IA=014600 INST=507B000007FD PSW=00040000A0014600 R2=A00154CC R0=FF000090 CC=2
PRE IC=511925 IA=014604 INST=07FD459086A6 PSW=00040000A0014604 R2=A00154CC R0=FF000090 CC=2
PRE IC=511926 IA=014326 INST=47F081A845D0 PSW=0004000060014326 R2=A00154CC R0=FF000090 CC=2
PRE IC=511927 IA=014342 INST=181747F083F6 PSW=00040000A0014342 R2=A00154CC R0=FF000090 CC=2
PRE IC=511928 IA=014344 INST=47F083F618F8 PSW=0004000060014344 R2=A00154CC R0=FF000090 CC=2
PRE IC=511929 IA=014590 INST=07FE50A03316 PSW=00040000A0014590 R2=A00154CC R0=FF000090 CC=2
PRE IC=511930 IA=0142D6 INST=9200326A982E PSW=00040000600142D6 R2=A00154CC R0=FF000090 CC=2
PRE IC=511931 IA=0142DA INST=982E87A607FE PSW=00040000A00142DA R2=A00154CC R0=FF000090 CC=2
PRE IC=511932 IA=0142DE INST=07FE05805880 PSW=00040000A00142DE R2=A00154CC R0=FF000090 CC=2
PRE IC=511933 IA=0158FA INST=18D1D23FD020 PSW=00040000600158FA R2=A00154CC R0=FF000090 CC=2
PRE IC=511934 IA=0158FC INST=D23FD0207000 PSW=00040000600158FC R2=A00154CC R0=FF000090 CC=2
PRE IC=511935 IA=015902 INST=D71FD000D000 PSW=00040000E0015902 R2=A00154CC R0=FF000090 CC=2
PRE IC=511936 IA=015908 INST=9212D00992D0 PSW=00040000C0015908 R2=A00154CC R0=FF000090 CC=0
PRE IC=511937 IA=01590C INST=92D0D00A9202 PSW=000400008001590C R2=A00154CC R0=FF000090 CC=0
PRE IC=511938 IA=015910 INST=9202D00B505D PSW=0004000080015910 R2=A00154CC R0=FF000090 CC=0
PRE IC=511939 IA=015914 INST=505D001C50D4 PSW=0004000080015914 R2=A00154CC R0=FF000090 CC=0
PRE IC=511940 IA=015918 INST=50D4000007F2 PSW=0004000080015918 R2=A00154CC R0=FF000090 CC=0
PRE IC=511941 IA=01591C INST=07F21B77507A PSW=000400008001591C R2=A00154CC R0=FF000090 CC=0
PRE IC=511942 IA=0154CC INST=962040945E60 PSW=00040000400154CC R2=A00154CC R0=FF000090 CC=0
PRE IC=511943 IA=0154D0 INST=5E60C8884710 PSW=00040000900154D0 R2=A00154CC R0=FF000090 CC=1
STOP n=282612 IC=511943 IA=0154D0 INST=5E60C8884710 OP=5E PSW=00040000900154D0 ST=UNSUPPORTED
END
