START
PRE IC=511860 IA=014596 INST=45908E1047F0 PSW=0004000090014596 R7=00000218 CC=1
PRE IC=511861 IA=014FAA INST=417000809200 PSW=0004000090014FAA R7=00000218 CC=1
PRE IC=511862 IA=014FAE INST=920032721B75 PSW=0004000090014FAE R7=00000080 CC=1
PRE IC=511863 IA=014FB2 INST=1B7547208F12 PSW=0004000090014FB2 R7=00000080 CC=1
PRE IC=511864 IA=014FB4 INST=47208F129180 PSW=0004000050014FB4 R7=FFFFFF81 CC=1
PRE IC=511865 IA=014FB8 INST=918040944780 PSW=0004000090014FB8 R7=FFFFFF81 CC=1
PRE IC=511866 IA=014FBC INST=47808E2A92FF PSW=0004000080014FBC R7=FFFFFF81 CC=0
PRE IC=511867 IA=014FC4 INST=417000F31B75 PSW=0004000080014FC4 R7=FFFFFF81 CC=0
PRE IC=511868 IA=014FC8 INST=1B7513774740 PSW=0004000080014FC8 R7=000000F3 CC=0
PRE IC=511869 IA=014FCA INST=137747408E4A PSW=0004000050014FCA R7=FFFFFFF4 CC=1
PRE IC=511870 IA=014FCC INST=47408E4A8970 PSW=0004000060014FCC R7=0000000C CC=2
PRE IC=511871 IA=014FD0 INST=8970000291F0 PSW=00040000A0014FD0 R7=0000000C CC=2
PRE IC=511872 IA=014FD4 INST=91F032784787 PSW=00040000A0014FD4 R7=00000030 CC=2
PRE IC=511873 IA=014FD8 INST=47878E629101 PSW=0004000080014FD8 R7=00000030 CC=0
PRE IC=511874 IA=01502C INST=47F08EC64155 PSW=000400008001502C R7=00000030 CC=0
PRE IC=511875 IA=015060 INST=41C0327E9180 PSW=0004000080015060 R7=00000030 CC=0
PRE IC=511876 IA=015064 INST=9180327E4780 PSW=0004000080015064 R7=00000030 CC=0
PRE IC=511877 IA=015068 INST=47808EFA9504 PSW=0004000080015068 R7=00000030 CC=0
PRE IC=511878 IA=015094 INST=91FF32724789 PSW=0004000080015094 R7=00000030 CC=0
PRE IC=511879 IA=015098 INST=4789000458C4 PSW=0004000080015098 R7=00000030 CC=0
PRE IC=511880 IA=01459E INST=12AA47A08426 PSW=000400008001459E R7=00000030 CC=0
PRE IC=511881 IA=0145A0 INST=47A084269120 PSW=00040000600145A0 R7=00000030 CC=2
PRE IC=511882 IA=0145C0 INST=45908FAA90B3 PSW=00040000A00145C0 R7=00000030 CC=2
PRE IC=511883 IA=015144 INST=417000071AA7 PSW=00040000A0015144 R7=00000030 CC=2
PRE IC=511884 IA=015148 INST=1AA716A717A7 PSW=00040000A0015148 R7=00000007 CC=2
PRE IC=511885 IA=01514A INST=16A717A71255 PSW=000400006001514A R7=00000007 CC=2
PRE IC=511886 IA=01514C INST=17A7125507B9 PSW=000400005001514C R7=00000007 CC=1
PRE IC=511887 IA=01514E INST=125507B941AA PSW=000400005001514E R7=00000007 CC=1
PRE IC=511888 IA=015150 INST=07B941AA0008 PSW=0004000060015150 R7=00000007 CC=2
PRE IC=511889 IA=0145C4 INST=90B388DA5800 PSW=00040000600145C4 R7=00000007 CC=2
PRE IC=511890 IA=0145C8 INST=5800890E5550 PSW=00040000A00145C8 R7=00000007 CC=2
PRE IC=511891 IA=0145CC INST=555032B247D0 PSW=00040000A00145CC R7=00000007 CC=2
PRE IC=511892 IA=0145D0 INST=47D0844C4590 PSW=00040000A00145D0 R7=00000007 CC=2
PRE IC=511893 IA=0145D4 INST=459084AA47F0 PSW=00040000A00145D4 R7=00000007 CC=2
PRE IC=511894 IA=014644 INST=1B6618B6582C PSW=00040000A0014644 R7=00000007 CC=2
PRE IC=511895 IA=014646 INST=18B6582C0004 PSW=0004000040014646 R7=00000007 CC=0
PRE IC=511896 IA=014648 INST=582C00041420 PSW=0004000040014648 R7=00000007 CC=0
PRE IC=511897 IA=01464C INST=1420506032CE PSW=000400008001464C R7=00000007 CC=0
STOP n=282566 IC=511897 IA=01464C INST=1420506032CE OP=14 PSW=000400008001464C ST=UNSUPPORTED
END
