START
PRE IC=511768 IA=FF71C6 INST=411100000A12 PSW=00040000B0FF71C6 R0=00FFD434 R1=00014008 R2=00029970 R3=0000008D R4=00000024 R5=0000009A R6=000072DC R7=00000090 R8=0000C600 R9=00015D18 R10=80FF7122 R11=40FF70B8 R12=00FFBDF9 R13=00FFCDF9 R14=00000000 R15=00FF716A
POST ST=OK IC=511769 IA=FF71CA PSW=00040000B0FF71CA
PRE IC=511769 IA=FF71CA INST=0A1212FF4770 PSW=00040000B0FF71CA R0=00FFD434 R1=00014008 R2=00029970 R3=0000008D R4=00000024 R5=0000009A R6=000072DC R7=00000090 R8=0000C600 R9=00015D18 R10=80FF7122 R11=40FF70B8 R12=00FFBDF9 R13=00FFCDF9 R14=00000000 R15=00FF716A
POST ST=OK IC=511770 IA=0165F0 PSW=00040000700165F0
PRE IC=511770 IA=0165F0 INST=900F02180520 PSW=00040000700165F0 R0=00FFD434 R1=00014008 R2=00029970 R3=0000008D R4=00000024 R5=0000009A R6=000072DC R7=00000090 R8=0000C600 R9=00015D18 R10=80FF7122 R11=40FF70B8 R12=00FFBDF9 R13=00FFCDF9 R14=00000000 R15=00FF716A
POST ST=OK IC=511771 IA=0165F4 PSW=00040000B00165F4
PRE IC=511771 IA=0165F4 INST=052058300010 PSW=00040000B00165F4 R0=00FFD434 R1=00014008 R2=00029970 R3=0000008D R4=00000024 R5=0000009A R6=000072DC R7=00000090 R8=0000C600 R9=00015D18 R10=80FF7122 R11=40FF70B8 R12=00FFBDF9 R13=00FFCDF9 R14=00000000 R15=00FF716A
POST ST=OK IC=511772 IA=0165F6 PSW=00040000700165F6
PRE IC=511772 IA=0165F6 INST=583000105840 PSW=00040000700165F6 R0=00FFD434 R1=00014008 R2=700165F6 R3=0000008D R4=00000024 R5=0000009A R6=000072DC R7=00000090 R8=0000C600 R9=00015D18 R10=80FF7122 R11=40FF70B8 R12=00FFBDF9 R13=00FFCDF9 R14=00000000 R15=00FF716A
POST ST=OK IC=511773 IA=0165FA PSW=00040000B00165FA
PRE IC=511773 IA=0165FA INST=584020A25850 PSW=00040000B00165FA R0=00FFD434 R1=00014008 R2=700165F6 R3=00014070 R4=00000024 R5=0000009A R6=000072DC R7=00000090 R8=0000C600 R9=00015D18 R10=80FF7122 R11=40FF70B8 R12=00FFBDF9 R13=00FFCDF9 R14=00000000 R15=00FF716A
POST ST=OK IC=511774 IA=0165FE PSW=00040000B00165FE
PRE IC=511774 IA=0165FE INST=5850400058E0 PSW=00040000B00165FE R0=00FFD434 R1=00014008 R2=700165F6 R3=00014070 R4=0000B000 R5=0000009A R6=000072DC R7=00000090 R8=0000C600 R9=00015D18 R10=80FF7122 R11=40FF70B8 R12=00FFBDF9 R13=00FFCDF9 R14=00000000 R15=00FF716A
POST ST=OK IC=511775 IA=016602 PSW=00040000B0016602
PRE IC=511775 IA=016602 INST=58E0237AAF03 PSW=00040000B0016602 R0=00FFD434 R1=00014008 R2=700165F6 R3=00014070 R4=0000B000 R5=0000B0C0 R6=000072DC R7=00000090 R8=0000C600 R9=00015D18 R10=80FF7122 R11=40FF70B8 R12=00FFBDF9 R13=00FFCDF9 R14=00000000 R15=00FF716A
POST ST=OK IC=511776 IA=016606 PSW=00040000B0016606
PRE IC=511776 IA=016606 INST=AF030FFF4703 PSW=00040000B0016606 R0=00FFD434 R1=00014008 R2=700165F6 R3=00014070 R4=0000B000 R5=0000B0C0 R6=000072DC R7=00000090 R8=0000C600 R9=00015D18 R10=80FF7122 R11=40FF70B8 R12=00FFBDF9 R13=00FFCDF9 R14=00016104 R15=00FF716A
POST ST=OK IC=511777 IA=01660A PSW=00040000B001660A
PRE IC=511777 IA=01660A INST=47030FFF58A0 PSW=00040000B001660A R0=00FFD434 R1=00014008 R2=700165F6 R3=00014070 R4=0000B000 R5=0000B0C0 R6=000072DC R7=00000090 R8=0000C600 R9=00015D18 R10=80FF7122 R11=40FF70B8 R12=00FFBDF9 R13=00FFCDF9 R14=00016104 R15=00FF716A
POST ST=OK IC=511778 IA=01660E PSW=00040000B001660E
PRE IC=511778 IA=01660E INST=58A0239205BA PSW=00040000B001660E R0=00FFD434 R1=00014008 R2=700165F6 R3=00014070 R4=0000B000 R5=0000B0C0 R6=000072DC R7=00000090 R8=0000C600 R9=00015D18 R10=80FF7122 R11=40FF70B8 R12=00FFBDF9 R13=00FFCDF9 R14=00016104 R15=00FF716A
POST ST=OK IC=511779 IA=016612 PSW=00040000B0016612
PRE IC=511779 IA=016612 INST=05BA98682366 PSW=00040000B0016612 R0=00FFD434 R1=00014008 R2=700165F6 R3=00014070 R4=0000B000 R5=0000B0C0 R6=000072DC R7=00000090 R8=0000C600 R9=00015D18 R10=00018980 R11=40FF70B8 R12=00FFBDF9 R13=00FFCDF9 R14=00016104 R15=00FF716A
POST ST=OK IC=511780 IA=018980 PSW=0004000070018980
PRE IC=511780 IA=018980 INST=50B0A13C45A0 PSW=0004000070018980 R0=00FFD434 R1=00014008 R2=700165F6 R3=00014070 R4=0000B000 R5=0000B0C0 R6=000072DC R7=00000090 R8=0000C600 R9=00015D18 R10=00018980 R11=70016614 R12=00FFBDF9 R13=00FFCDF9 R14=00016104 R15=00FF716A
POST ST=OK IC=511781 IA=018984 PSW=00040000B0018984
PRE IC=511781 IA=018984 INST=45A0A0EAD207 PSW=00040000B0018984 R0=00FFD434 R1=00014008 R2=700165F6 R3=00014070 R4=0000B000 R5=0000B0C0 R6=000072DC R7=00000090 R8=0000C600 R9=00015D18 R10=00018980 R11=70016614 R12=00FFBDF9 R13=00FFCDF9 R14=00016104 R15=00FF716A
POST ST=OK IC=511782 IA=018A72 PSW=00040000B0018A72
PRE IC=511782 IA=018A72 INST=B05458F0B094 PSW=00040000B0018A72 R0=00FFD434 R1=00014008 R2=700165F6 R3=00014070 R4=0000B000 R5=0000B0C0 R6=000072DC R7=00000090 R8=0000C600 R9=00015D18 R10=B0018988 R11=70016614 R12=00FFBDF9 R13=00FFCDF9 R14=00016104 R15=00FF716A
POST ST=UNSUPPORTED IC=511782 IA=018A72 PSW=00040000B0018A72
STOP n=282451 IC=511782 PREIA=018A72 INST=B05458F0B094 OP=B0 PSW=00040000B0018A72 ST=UNSUPPORTED
LOWCORE_20_6F=00040012B0FF71CA00000000000000000000FF0000000000000000000000000000FFC4E80C00000000FFC4C00001407062E0530000018AD80004000000015DB800040000000165F000040000000002CA
PROGRAM_OLD_28=0000000000000000
PROGRAM_NEW_68=00040000000002CA
