START
PRE IC=511768 IA=FF71C6 INST=411100000A12 PSW=00040000B0FF71C6 R0=00FFD434 R1=00014008 R2=00029970 R3=0000008D R4=00000024 R5=0000009A R6=000072DC R7=00000090 R8=0000C600 R9=00015D18 R10=80FF7122 R11=40FF70B8 R12=00FFBDF9 R13=00FFCDF9 R14=00000000 R15=00FF716A
POST ST=OK IC=511769 IA=FF71CA PSW=00040000B0FF71CA
PRE IC=511769 IA=FF71CA INST=0A1212FF4770 PSW=00040000B0FF71CA R0=00FFD434 R1=00014008 R2=00029970 R3=0000008D R4=00000024 R5=0000009A R6=000072DC R7=00000090 R8=0000C600 R9=00015D18 R10=80FF7122 R11=40FF70B8 R12=00FFBDF9 R13=00FFCDF9 R14=00000000 R15=00FF716A
POST ST=OK IC=511770 IA=0165F0 PSW=00040000700165F0
PRE IC=511770 IA=0165F0 INST=900F02180520 PSW=00040000700165F0 R0=00FFD434 R1=00014008 R2=00029970 R3=0000008D R4=00000024 R5=0000009A R6=000072DC R7=00000090 R8=0000C600 R9=00015D18 R10=80FF7122 R11=40FF70B8 R12=00FFBDF9 R13=00FFCDF9 R14=00000000 R15=00FF716A
POST ST=OK IC=511771 IA=0165F4 PSW=00040000B00165F4
PRE IC=511771 IA=0165F4 INST=052058300010 PSW=00040000B00165F4 R0=00FFD434 R1=00014008 R2=00029970 R3=0000008D R4=00000024 R5=0000009A R6=000072DC R7=00000090 R8=0000C600 R9=00015D18 R10=80FF7122 R11=40FF70B8 R12=00FFBDF9 R13=00FFCDF9 R14=00000000 R15=00FF716A
POST ST=OK IC=511772 IA=0165F6 PSW=00040000700165F6
PRE IC=511772 IA=0165F6 INST=583000105840 PSW=00040000700165F6 R0=00FFD434 R1=00014008 R2=700165F6 R3=0000008D R4=00000024 R5=0000009A R6=000072DC R7=00000090 R8=0000C600 R9=00015D18 R10=80FF7122 R11=40FF70B8 R12=00FFBDF9 R13=00FFCDF9 R14=00000000 R15=00FF716A
POST ST=OK IC=511773 IA=0165FA PSW=00040000B00165FA
PRE IC=511773 IA=0165FA INST=584020A25850 PSW=00040000B00165FA R0=00FFD434 R1=00014008 R2=700165F6 R3=00014070 R4=00000024 R5=0000009A R6=000072DC R7=00000090 R8=0000C600 R9=00015D18 R10=80FF7122 R11=40FF70B8 R12=00FFBDF9 R13=00FFCDF9 R14=00000000 R15=00FF716A
POST ST=OK IC=511774 IA=0165FE PSW=00040000B00165FE
PRE IC=511774 IA=0165FE INST=5850400058E0 PSW=00040000B00165FE R0=00FFD434 R1=00014008 R2=700165F6 R3=00014070 R4=0000B000 R5=0000009A R6=000072DC R7=00000090 R8=0000C600 R9=00015D18 R10=80FF7122 R11=40FF70B8 R12=00FFBDF9 R13=00FFCDF9 R14=00000000 R15=00FF716A
POST ST=OK IC=511775 IA=016602 PSW=00040000B0016602
PRE IC=511775 IA=016602 INST=58E0237AAF03 PSW=00040000B0016602 R0=00FFD434 R1=00014008 R2=700165F6 R3=00014070 R4=0000B000 R5=0000B0C0 R6=000072DC R7=00000090 R8=0000C600 R9=00015D18 R10=80FF7122 R11=40FF70B8 R12=00FFBDF9 R13=00FFCDF9 R14=00000000 R15=00FF716A
POST ST=OK IC=511776 IA=016606 PSW=00040000B0016606
PRE IC=511776 IA=016606 INST=AF030FFF4703 PSW=00040000B0016606 R0=00FFD434 R1=00014008 R2=700165F6 R3=00014070 R4=0000B000 R5=0000B0C0 R6=000072DC R7=00000090 R8=0000C600 R9=00015D18 R10=80FF7122 R11=40FF70B8 R12=00FFBDF9 R13=00FFCDF9 R14=00016104 R15=00FF716A
POST ST=OK IC=511777 IA=01660A PSW=00040000B001660A
PRE IC=511777 IA=01660A INST=47030FFF58A0 PSW=00040000B001660A R0=00FFD434 R1=00014008 R2=700165F6 R3=00014070 R4=0000B000 R5=0000B0C0 R6=000072DC R7=00000090 R8=0000C600 R9=00015D18 R10=80FF7122 R11=40FF70B8 R12=00FFBDF9 R13=00FFCDF9 R14=00016104 R15=00FF716A
POST ST=OK IC=511778 IA=01660E PSW=00040000B001660E
PRE IC=511778 IA=01660E INST=58A0239205BA PSW=00040000B001660E R0=00FFD434 R1=00014008 R2=700165F6 R3=00014070 R4=0000B000 R5=0000B0C0 R6=000072DC R7=00000090 R8=0000C600 R9=00015D18 R10=80FF7122 R11=40FF70B8 R12=00FFBDF9 R13=00FFCDF9 R14=00016104 R15=00FF716A
POST ST=OK IC=511779 IA=016612 PSW=00040000B0016612
PRE IC=511779 IA=016612 INST=05BA98682366 PSW=00040000B0016612 R0=00FFD434 R1=00014008 R2=700165F6 R3=00014070 R4=0000B000 R5=0000B0C0 R6=000072DC R7=00000090 R8=0000C600 R9=00015D18 R10=00018980 R11=40FF70B8 R12=00FFBDF9 R13=00FFCDF9 R14=00016104 R15=00FF716A
POST ST=OK IC=511780 IA=018980 PSW=0004000070018980
PRE IC=511780 IA=018980 INST=50B0A13C45A0 PSW=0004000070018980 R0=00FFD434 R1=00014008 R2=700165F6 R3=00014070 R4=0000B000 R5=0000B0C0 R6=000072DC R7=00000090 R8=0000C600 R9=00015D18 R10=00018980 R11=70016614 R12=00FFBDF9 R13=00FFCDF9 R14=00016104 R15=00FF716A
POST ST=OK IC=511781 IA=018984 PSW=00040000B0018984
PRE IC=511781 IA=018984 INST=45A0A0EAD207 PSW=00040000B0018984 R0=00FFD434 R1=00014008 R2=700165F6 R3=00014070 R4=0000B000 R5=0000B0C0 R6=000072DC R7=00000090 R8=0000C600 R9=00015D18 R10=00018980 R11=70016614 R12=00FFBDF9 R13=00FFCDF9 R14=00016104 R15=00FF716A
POST ST=OK IC=511782 IA=018A6A PSW=00040000B0018A6A
PRE IC=511782 IA=018A6A INST=05B04700B044 PSW=00040000B0018A6A R0=00FFD434 R1=00014008 R2=700165F6 R3=00014070 R4=0000B000 R5=0000B0C0 R6=000072DC R7=00000090 R8=0000C600 R9=00015D18 R10=B0018988 R11=70016614 R12=00FFBDF9 R13=00FFCDF9 R14=00016104 R15=00FF716A
POST ST=OK IC=511783 IA=018A6C PSW=0004000070018A6C
PRE IC=511783 IA=018A6C INST=4700B04490CF PSW=0004000070018A6C R0=00FFD434 R1=00014008 R2=700165F6 R3=00014070 R4=0000B000 R5=0000B0C0 R6=000072DC R7=00000090 R8=0000C600 R9=00015D18 R10=B0018988 R11=70018A6C R12=00FFBDF9 R13=00FFCDF9 R14=00016104 R15=00FF716A
POST ST=OK IC=511784 IA=018A70 PSW=00040000B0018A70
PRE IC=511784 IA=018A70 INST=90CFB05458F0 PSW=00040000B0018A70 R0=00FFD434 R1=00014008 R2=700165F6 R3=00014070 R4=0000B000 R5=0000B0C0 R6=000072DC R7=00000090 R8=0000C600 R9=00015D18 R10=B0018988 R11=70018A6C R12=00FFBDF9 R13=00FFCDF9 R14=00016104 R15=00FF716A
POST ST=OK IC=511785 IA=018A74 PSW=00040000B0018A74
PRE IC=511785 IA=018A74 INST=58F0B09491C0 PSW=00040000B0018A74 R0=00FFD434 R1=00014008 R2=700165F6 R3=00014070 R4=0000B000 R5=0000B0C0 R6=000072DC R7=00000090 R8=0000C600 R9=00015D18 R10=B0018988 R11=70018A6C R12=00FFBDF9 R13=00FFCDF9 R14=00016104 R15=00FF716A
POST ST=OK IC=511786 IA=018A78 PSW=00040000B0018A78
PRE IC=511786 IA=018A78 INST=91C0F0EC4710 PSW=00040000B0018A78 R0=00FFD434 R1=00014008 R2=700165F6 R3=00014070 R4=0000B000 R5=0000B0C0 R6=000072DC R7=00000090 R8=0000C600 R9=00015D18 R10=B0018988 R11=70018A6C R12=00FFBDF9 R13=00FFCDF9 R14=00016104 R15=00014070
POST ST=OK IC=511787 IA=018A7C PSW=0004000080018A7C
PRE IC=511787 IA=018A7C INST=4710B03C58C0 PSW=0004000080018A7C R0=00FFD434 R1=00014008 R2=700165F6 R3=00014070 R4=0000B000 R5=0000B0C0 R6=000072DC R7=00000090 R8=0000C600 R9=00015D18 R10=B0018988 R11=70018A6C R12=00FFBDF9 R13=00FFCDF9 R14=00016104 R15=00014070
POST ST=OK IC=511788 IA=018A80 PSW=0004000080018A80
PRE IC=511788 IA=018A80 INST=58C0B06C41CC PSW=0004000080018A80 R0=00FFD434 R1=00014008 R2=700165F6 R3=00014070 R4=0000B000 R5=0000B0C0 R6=000072DC R7=00000090 R8=0000C600 R9=00015D18 R10=B0018988 R11=70018A6C R12=00FFBDF9 R13=00FFCDF9 R14=00016104 R15=00014070
POST ST=OK IC=511789 IA=018A84 PSW=0004000080018A84
PRE IC=511789 IA=018A84 INST=41CC002055C0 PSW=0004000080018A84 R0=00FFD434 R1=00014008 R2=700165F6 R3=00014070 R4=0000B000 R5=0000B0C0 R6=000072DC R7=00000090 R8=0000C600 R9=00015D18 R10=B0018988 R11=70018A6C R12=00018B20 R13=00FFCDF9 R14=00016104 R15=00014070
POST ST=OK IC=511790 IA=018A88 PSW=0004000080018A88
PRE IC=511790 IA=018A88 INST=55C0B07447A0 PSW=0004000080018A88 R0=00FFD434 R1=00014008 R2=700165F6 R3=00014070 R4=0000B000 R5=0000B0C0 R6=000072DC R7=00000090 R8=0000C600 R9=00015D18 R10=B0018988 R11=70018A6C R12=00018B40 R13=00FFCDF9 R14=00016104 R15=00014070
POST ST=OK IC=511791 IA=018A8C PSW=0004000090018A8C
PRE IC=511791 IA=018A8C INST=47A0B02C50C0 PSW=0004000090018A8C R0=00FFD434 R1=00014008 R2=700165F6 R3=00014070 R4=0000B000 R5=0000B0C0 R6=000072DC R7=00000090 R8=0000C600 R9=00015D18 R10=B0018988 R11=70018A6C R12=00018B40 R13=00FFCDF9 R14=00016104 R15=00014070
POST ST=OK IC=511792 IA=018A90 PSW=0004000090018A90
PRE IC=511792 IA=018A90 INST=50C0B06C47F0 PSW=0004000090018A90 R0=00FFD434 R1=00014008 R2=700165F6 R3=00014070 R4=0000B000 R5=0000B0C0 R6=000072DC R7=00000090 R8=0000C600 R9=00015D18 R10=B0018988 R11=70018A6C R12=00018B40 R13=00FFCDF9 R14=00016104 R15=00014070
POST ST=OK IC=511793 IA=018A94 PSW=0004000090018A94
PRE IC=511793 IA=018A94 INST=47F0B03458C0 PSW=0004000090018A94 R0=00FFD434 R1=00014008 R2=700165F6 R3=00014070 R4=0000B000 R5=0000B0C0 R6=000072DC R7=00000090 R8=0000C600 R9=00015D18 R10=B0018988 R11=70018A6C R12=00018B40 R13=00FFCDF9 R14=00016104 R15=00014070
POST ST=OK IC=511794 IA=018AA0 PSW=0004000090018AA0
PRE IC=511794 IA=018AA0 INST=D203C01C0050 PSW=0004000090018AA0 R0=00FFD434 R1=00014008 R2=700165F6 R3=00014070 R4=0000B000 R5=0000B0C0 R6=000072DC R7=00000090 R8=0000C600 R9=00015D18 R10=B0018988 R11=70018A6C R12=00018B40 R13=00FFCDF9 R14=00016104 R15=00014070
POST ST=OK IC=511795 IA=018AA6 PSW=00040000D0018AA6
PRE IC=511795 IA=018AA6 INST=07FA05A098BF PSW=00040000D0018AA6 R0=00FFD434 R1=00014008 R2=700165F6 R3=00014070 R4=0000B000 R5=0000B0C0 R6=000072DC R7=00000090 R8=0000C600 R9=00015D18 R10=B0018988 R11=70018A6C R12=00018B40 R13=00FFCDF9 R14=00016104 R15=00014070
POST ST=OK IC=511796 IA=018988 PSW=0004000050018988
PRE IC=511796 IA=018988 INST=D207C0000020 PSW=0004000050018988 R0=00FFD434 R1=00014008 R2=700165F6 R3=00014070 R4=0000B000 R5=0000B0C0 R6=000072DC R7=00000090 R8=0000C600 R9=00015D18 R10=B0018988 R11=70018A6C R12=00018B40 R13=00FFCDF9 R14=00016104 R15=00014070
POST ST=OK IC=511797 IA=01898E PSW=00040000D001898E
PRE IC=511797 IA=01898E INST=9620C00241A0 PSW=00040000D001898E R0=00FFD434 R1=00014008 R2=700165F6 R3=00014070 R4=0000B000 R5=0000B0C0 R6=000072DC R7=00000090 R8=0000C600 R9=00015D18 R10=B0018988 R11=70018A6C R12=00018B40 R13=00FFCDF9 R14=00016104 R15=00014070
POST ST=OK IC=511798 IA=018992 PSW=0004000090018992
PRE IC=511798 IA=018992 INST=41A0A0C247F0 PSW=0004000090018992 R0=00FFD434 R1=00014008 R2=700165F6 R3=00014070 R4=0000B000 R5=0000B0C0 R6=000072DC R7=00000090 R8=0000C600 R9=00015D18 R10=B0018988 R11=70018A6C R12=00018B40 R13=00FFCDF9 R14=00016104 R15=00014070
POST ST=OK IC=511799 IA=018996 PSW=0004000090018996
PRE IC=511799 IA=018996 INST=47F0A00A50B0 PSW=0004000090018996 R0=00FFD434 R1=00014008 R2=700165F6 R3=00014070 R4=0000B000 R5=0000B0C0 R6=000072DC R7=00000090 R8=0000C600 R9=00015D18 R10=00018A4A R11=70018A6C R12=00018B40 R13=00FFCDF9 R14=00016104 R15=00014070
POST ST=OK IC=511800 IA=018A54 PSW=0004000090018A54
PRE IC=511800 IA=018A54 INST=58F0A08290F1 PSW=0004000090018A54 R0=00FFD434 R1=00014008 R2=700165F6 R3=00014070 R4=0000B000 R5=0000B0C0 R6=000072DC R7=00000090 R8=0000C600 R9=00015D18 R10=00018A4A R11=70018A6C R12=00018B40 R13=00FFCDF9 R14=00016104 R15=00014070
POST ST=OK IC=511801 IA=018A58 PSW=0004000090018A58
PRE IC=511801 IA=018A58 INST=90F1C00858E0 PSW=0004000090018A58 R0=00FFD434 R1=00014008 R2=700165F6 R3=00014070 R4=0000B000 R5=0000B0C0 R6=000072DC R7=00000090 R8=0000C600 R9=00015D18 R10=00018A4A R11=70018A6C R12=00018B40 R13=00FFCDF9 R14=00016104 R15=00FF716A
POST ST=OK IC=511802 IA=018A5C PSW=0004000090018A5C
PRE IC=511802 IA=018A5C INST=58E0A086D203 PSW=0004000090018A5C R0=00FFD434 R1=00014008 R2=700165F6 R3=00014070 R4=0000B000 R5=0000B0C0 R6=000072DC R7=00000090 R8=0000C600 R9=00015D18 R10=00018A4A R11=70018A6C R12=00018B40 R13=00FFCDF9 R14=00016104 R15=00FF716A
POST ST=OK IC=511803 IA=018A60 PSW=0004000090018A60
PRE IC=511803 IA=018A60 INST=D203C018E004 PSW=0004000090018A60 R0=00FFD434 R1=00014008 R2=700165F6 R3=00014070 R4=0000B000 R5=0000B0C0 R6=000072DC R7=00000090 R8=0000C600 R9=00015D18 R10=00018A4A R11=70018A6C R12=00018B40 R13=00FFCDF9 R14=00016694 R15=00FF716A
POST ST=OK IC=511804 IA=018A66 PSW=00040000D0018A66
PRE IC=511804 IA=018A66 INST=47F0A05E05B0 PSW=00040000D0018A66 R0=00FFD434 R1=00014008 R2=700165F6 R3=00014070 R4=0000B000 R5=0000B0C0 R6=000072DC R7=00000090 R8=0000C600 R9=00015D18 R10=00018A4A R11=70018A6C R12=00018B40 R13=00FFCDF9 R14=00016694 R15=00FF716A
POST ST=OK IC=511805 IA=018AA8 PSW=0004000090018AA8
PRE IC=511805 IA=018AA8 INST=05A098BFA012 PSW=0004000090018AA8 R0=00FFD434 R1=00014008 R2=700165F6 R3=00014070 R4=0000B000 R5=0000B0C0 R6=000072DC R7=00000090 R8=0000C600 R9=00015D18 R10=00018A4A R11=70018A6C R12=00018B40 R13=00FFCDF9 R14=00016694 R15=00FF716A
POST ST=OK IC=511806 IA=018AAA PSW=0004000050018AAA
PRE IC=511806 IA=018AAA INST=98BFA01207FB PSW=0004000050018AAA R0=00FFD434 R1=00014008 R2=700165F6 R3=00014070 R4=0000B000 R5=0000B0C0 R6=000072DC R7=00000090 R8=0000C600 R9=00015D18 R10=50018AAA R11=70018A6C R12=00018B40 R13=00FFCDF9 R14=00016694 R15=00FF716A
POST ST=OK IC=511807 IA=018AAE PSW=0004000090018AAE
PRE IC=511807 IA=018AAE INST=07FB98ABB04C PSW=0004000090018AAE R0=00FFD434 R1=00014008 R2=700165F6 R3=00014070 R4=0000B000 R5=0000B0C0 R6=000072DC R7=00000090 R8=0000C600 R9=00015D18 R10=50018AAA R11=70016614 R12=00FFBDF9 R13=00FFCDF9 R14=00016104 R15=00FF716A
POST ST=OK IC=511808 IA=016614 PSW=0004000050016614
PRE IC=511808 IA=016614 INST=986823665460 PSW=0004000050016614 R0=00FFD434 R1=00014008 R2=700165F6 R3=00014070 R4=0000B000 R5=0000B0C0 R6=000072DC R7=00000090 R8=0000C600 R9=00015D18 R10=50018AAA R11=70016614 R12=00FFBDF9 R13=00FFCDF9 R14=00016104 R15=00FF716A
POST ST=OK IC=511809 IA=016618 PSW=0004000090016618
PRE IC=511809 IA=016618 INST=546000201A66 PSW=0004000090016618 R0=00FFD434 R1=00014008 R2=700165F6 R3=00014070 R4=0000B000 R5=0000B0C0 R6=000000FF R7=000072A8 R8=000001D4 R9=00015D18 R10=50018AAA R11=70016614 R12=00FFBDF9 R13=00FFCDF9 R14=00016104 R15=00FF716A
POST ST=OK IC=511810 IA=01661C PSW=000400009001661C
PRE IC=511810 IA=01661C INST=1A661A661968 PSW=000400009001661C R0=00FFD434 R1=00014008 R2=700165F6 R3=00014070 R4=0000B000 R5=0000B0C0 R6=00000012 R7=000072A8 R8=000001D4 R9=00015D18 R10=50018AAA R11=70016614 R12=00FFBDF9 R13=00FFCDF9 R14=00016104 R15=00FF716A
POST ST=OK IC=511811 IA=01661E PSW=000400006001661E
PRE IC=511811 IA=01661E INST=1A6619684720 PSW=000400006001661E R0=00FFD434 R1=00014008 R2=700165F6 R3=00014070 R4=0000B000 R5=0000B0C0 R6=00000024 R7=000072A8 R8=000001D4 R9=00015D18 R10=50018AAA R11=70016614 R12=00FFBDF9 R13=00FFCDF9 R14=00016104 R15=00FF716A
POST ST=OK IC=511812 IA=016620 PSW=0004000060016620
PRE IC=511812 IA=016620 INST=196847202078 PSW=0004000060016620 R0=00FFD434 R1=00014008 R2=700165F6 R3=00014070 R4=0000B000 R5=0000B0C0 R6=00000048 R7=000072A8 R8=000001D4 R9=00015D18 R10=50018AAA R11=70016614 R12=00FFBDF9 R13=00FFCDF9 R14=00016104 R15=00FF716A
POST ST=OK IC=511813 IA=016622 PSW=0004000050016622
PRE IC=511813 IA=016622 INST=472020785866 PSW=0004000050016622 R0=00FFD434 R1=00014008 R2=700165F6 R3=00014070 R4=0000B000 R5=0000B0C0 R6=00000048 R7=000072A8 R8=000001D4 R9=00015D18 R10=50018AAA R11=70016614 R12=00FFBDF9 R13=00FFCDF9 R14=00016104 R15=00FF716A
POST ST=OK IC=511814 IA=016626 PSW=0004000090016626
PRE IC=511814 IA=016626 INST=586670001266 PSW=0004000090016626 R0=00FFD434 R1=00014008 R2=700165F6 R3=00014070 R4=0000B000 R5=0000B0C0 R6=00000048 R7=000072A8 R8=000001D4 R9=00015D18 R10=50018AAA R11=70016614 R12=00FFBDF9 R13=00FFCDF9 R14=00016104 R15=00FF716A
POST ST=OK IC=511815 IA=01662A PSW=000400009001662A
PRE IC=511815 IA=01662A INST=126647402054 PSW=000400009001662A R0=00FFD434 R1=00014008 R2=700165F6 R3=00014070 R4=0000B000 R5=0000B0C0 R6=80016A60 R7=000072A8 R8=000001D4 R9=00015D18 R10=50018AAA R11=70016614 R12=00FFBDF9 R13=00FFCDF9 R14=00016104 R15=00FF716A
POST ST=OK IC=511816 IA=01662C PSW=000400005001662C
PRE IC=511816 IA=01662C INST=4740205491F0 PSW=000400005001662C R0=00FFD434 R1=00014008 R2=700165F6 R3=00014070 R4=0000B000 R5=0000B0C0 R6=80016A60 R7=000072A8 R8=000001D4 R9=00015D18 R10=50018AAA R11=70016614 R12=00FFBDF9 R13=00FFCDF9 R14=00016104 R15=00FF716A
POST ST=OK IC=511817 IA=01664A PSW=000400009001664A
PRE IC=511817 IA=01664A INST=417022521974 PSW=000400009001664A R0=00FFD434 R1=00014008 R2=700165F6 R3=00014070 R4=0000B000 R5=0000B0C0 R6=80016A60 R7=000072A8 R8=000001D4 R9=00015D18 R10=50018AAA R11=70016614 R12=00FFBDF9 R13=00FFCDF9 R14=00016104 R15=00FF716A
POST ST=OK IC=511818 IA=01664E PSW=000400009001664E
PRE IC=511818 IA=01664E INST=19744770206E PSW=000400009001664E R0=00FFD434 R1=00014008 R2=700165F6 R3=00014070 R4=0000B000 R5=0000B0C0 R6=80016A60 R7=00016848 R8=000001D4 R9=00015D18 R10=50018AAA R11=70016614 R12=00FFBDF9 R13=00FFCDF9 R14=00016104 R15=00FF716A
POST ST=OK IC=511819 IA=016650 PSW=0004000060016650
PRE IC=511819 IA=016650 INST=4770206ED23F PSW=0004000060016650 R0=00FFD434 R1=00014008 R2=700165F6 R3=00014070 R4=0000B000 R5=0000B0C0 R6=80016A60 R7=00016848 R8=000001D4 R9=00015D18 R10=50018AAA R11=70016614 R12=00FFBDF9 R13=00FFCDF9 R14=00016104 R15=00FF716A
POST ST=OK IC=511820 IA=016664 PSW=00040000A0016664
PRE IC=511820 IA=016664 INST=4170021858C0 PSW=00040000A0016664 R0=00FFD434 R1=00014008 R2=700165F6 R3=00014070 R4=0000B000 R5=0000B0C0 R6=80016A60 R7=00016848 R8=000001D4 R9=00015D18 R10=50018AAA R11=70016614 R12=00FFBDF9 R13=00FFCDF9 R14=00016104 R15=00FF716A
POST ST=OK IC=511821 IA=016668 PSW=00040000A0016668
PRE IC=511821 IA=016668 INST=58C0237E07FC PSW=00040000A0016668 R0=00FFD434 R1=00014008 R2=700165F6 R3=00014070 R4=0000B000 R5=0000B0C0 R6=80016A60 R7=00000218 R8=000001D4 R9=00015D18 R10=50018AAA R11=70016614 R12=00FFBDF9 R13=00FFCDF9 R14=00016104 R15=00FF716A
POST ST=OK IC=511822 IA=01666C PSW=00040000A001666C
PRE IC=511822 IA=01666C INST=07FC58702376 PSW=00040000A001666C R0=00FFD434 R1=00014008 R2=700165F6 R3=00014070 R4=0000B000 R5=0000B0C0 R6=80016A60 R7=00000218 R8=000001D4 R9=00015D18 R10=50018AAA R11=70016614 R12=000154C8 R13=00FFCDF9 R14=00016104 R15=00FF716A
POST ST=OK IC=511823 IA=0154C8 PSW=00040000600154C8
PRE IC=511823 IA=0154C8 INST=4520C4229620 PSW=00040000600154C8 R0=00FFD434 R1=00014008 R2=700165F6 R3=00014070 R4=0000B000 R5=0000B0C0 R6=80016A60 R7=00000218 R8=000001D4 R9=00015D18 R10=50018AAA R11=70016614 R12=000154C8 R13=00FFCDF9 R14=00016104 R15=00FF716A
POST ST=OK IC=511824 IA=0158EA PSW=00040000A00158EA
PRE IC=511824 IA=0158EA INST=D20750100020 PSW=00040000A00158EA R0=00FFD434 R1=00014008 R2=A00154CC R3=00014070 R4=0000B000 R5=0000B0C0 R6=80016A60 R7=00000218 R8=000001D4 R9=00015D18 R10=50018AAA R11=70016614 R12=000154C8 R13=00FFCDF9 R14=00016104 R15=00FF716A
POST ST=OK IC=511825 IA=0158F0 PSW=00040000E00158F0
PRE IC=511825 IA=0158F0 INST=9801C85C58F0 PSW=00040000E00158F0 R0=00FFD434 R1=00014008 R2=A00154CC R3=00014070 R4=0000B000 R5=0000B0C0 R6=80016A60 R7=00000218 R8=000001D4 R9=00015D18 R10=50018AAA R11=70016614 R12=000154C8 R13=00FFCDF9 R14=00016104 R15=00FF716A
POST ST=OK IC=511826 IA=0158F4 PSW=00040000A00158F4
PRE IC=511826 IA=0158F4 INST=58F0C89C05EF PSW=00040000A00158F4 R0=FF000090 R1=FFFFFFFF R2=A00154CC R3=00014070 R4=0000B000 R5=0000B0C0 R6=80016A60 R7=00000218 R8=000001D4 R9=00015D18 R10=50018AAA R11=70016614 R12=000154C8 R13=00FFCDF9 R14=00016104 R15=00FF716A
POST ST=OK IC=511827 IA=0158F8 PSW=00040000A00158F8
PRE IC=511827 IA=0158F8 INST=05EF18D1D23F PSW=00040000A00158F8 R0=FF000090 R1=FFFFFFFF R2=A00154CC R3=00014070 R4=0000B000 R5=0000B0C0 R6=80016A60 R7=00000218 R8=000001D4 R9=00015D18 R10=50018AAA R11=70016614 R12=000154C8 R13=00FFCDF9 R14=00016104 R15=00014348
POST ST=OK IC=511828 IA=014348 PSW=0004000060014348
PRE IC=511828 IA=014348 INST=18F805805880 PSW=0004000060014348 R0=FF000090 R1=FFFFFFFF R2=A00154CC R3=00014070 R4=0000B000 R5=0000B0C0 R6=80016A60 R7=00000218 R8=000001D4 R9=00015D18 R10=50018AAA R11=70016614 R12=000154C8 R13=00FFCDF9 R14=600158FA R15=00014348
POST ST=OK IC=511829 IA=01434A PSW=000400006001434A
PRE IC=511829 IA=01434A INST=058058808760 PSW=000400006001434A R0=FF000090 R1=FFFFFFFF R2=A00154CC R3=00014070 R4=0000B000 R5=0000B0C0 R6=80016A60 R7=00000218 R8=000001D4 R9=00015D18 R10=50018AAA R11=70016614 R12=000154C8 R13=00FFCDF9 R14=600158FA R15=000001D4
POST ST=OK IC=511830 IA=01434C PSW=000400006001434C
PRE IC=511830 IA=01434C INST=588087608000 PSW=000400006001434C R0=FF000090 R1=FFFFFFFF R2=A00154CC R3=00014070 R4=0000B000 R5=0000B0C0 R6=80016A60 R7=00000218 R8=6001434C R9=00015D18 R10=50018AAA R11=70016614 R12=000154C8 R13=00FFCDF9 R14=600158FA R15=000001D4
POST ST=OK IC=511831 IA=014350 PSW=00040000A0014350
PRE IC=511831 IA=014350 INST=8000890E1211 PSW=00040000A0014350 R0=FF000090 R1=FFFFFFFF R2=A00154CC R3=00014070 R4=0000B000 R5=0000B0C0 R6=80016A60 R7=00000218 R8=0001419A R9=00015D18 R10=50018AAA R11=70016614 R12=000154C8 R13=00FFCDF9 R14=600158FA R15=000001D4
POST ST=OK IC=511832 IA=014354 PSW=00040000A0014354
PRE IC=511832 IA=014354 INST=121147A081CC PSW=00040000A0014354 R0=FF000090 R1=FFFFFFFF R2=A00154CC R3=00014070 R4=0000B000 R5=0000B0C0 R6=80016A60 R7=00000218 R8=0001419A R9=00015D18 R10=50018AAA R11=70016614 R12=000154C8 R13=00FFCDF9 R14=600158FA R15=000001D4
POST ST=OK IC=511833 IA=014356 PSW=0004000050014356
PRE IC=511833 IA=014356 INST=47A081CC50F0 PSW=0004000050014356 R0=FF000090 R1=FFFFFFFF R2=A00154CC R3=00014070 R4=0000B000 R5=0000B0C0 R6=80016A60 R7=00000218 R8=0001419A R9=00015D18 R10=50018AAA R11=70016614 R12=000154C8 R13=00FFCDF9 R14=600158FA R15=000001D4
POST ST=OK IC=511834 IA=01435A PSW=000400009001435A
PRE IC=511834 IA=01435A INST=50F087BE41F0 PSW=000400009001435A R0=FF000090 R1=FFFFFFFF R2=A00154CC R3=00014070 R4=0000B000 R5=0000B0C0 R6=80016A60 R7=00000218 R8=0001419A R9=00015D18 R10=50018AAA R11=70016614 R12=000154C8 R13=00FFCDF9 R14=600158FA R15=000001D4
POST ST=OK IC=511835 IA=01435E PSW=000400009001435E
PRE IC=511835 IA=01435E INST=41F0815647F0 PSW=000400009001435E R0=FF000090 R1=FFFFFFFF R2=A00154CC R3=00014070 R4=0000B000 R5=0000B0C0 R6=80016A60 R7=00000218 R8=0001419A R9=00015D18 R10=50018AAA R11=70016614 R12=000154C8 R13=00FFCDF9 R14=600158FA R15=000001D4
POST ST=OK IC=511836 IA=014362 PSW=0004000090014362
PRE IC=511836 IA=014362 INST=47F0812250F0 PSW=0004000090014362 R0=FF000090 R1=FFFFFFFF R2=A00154CC R3=00014070 R4=0000B000 R5=0000B0C0 R6=80016A60 R7=00000218 R8=0001419A R9=00015D18 R10=50018AAA R11=70016614 R12=000154C8 R13=00FFCDF9 R14=600158FA R15=000142F0
POST ST=OK IC=511837 IA=0142BC PSW=00040000900142BC
PRE IC=511837 IA=0142BC INST=902787A6909E PSW=00040000900142BC R0=FF000090 R1=FFFFFFFF R2=A00154CC R3=00014070 R4=0000B000 R5=0000B0C0 R6=80016A60 R7=00000218 R8=0001419A R9=00015D18 R10=50018AAA R11=70016614 R12=000154C8 R13=00FFCDF9 R14=600158FA R15=000142F0
POST ST=OK IC=511838 IA=0142C0 PSW=00040000900142C0
PRE IC=511838 IA=0142C0 INST=909E87C25830 PSW=00040000900142C0 R0=FF000090 R1=FFFFFFFF R2=A00154CC R3=00014070 R4=0000B000 R5=0000B0C0 R6=80016A60 R7=00000218 R8=0001419A R9=00015D18 R10=50018AAA R11=70016614 R12=000154C8 R13=00FFCDF9 R14=600158FA R15=000142F0
POST ST=OK IC=511839 IA=0142C4 PSW=00040000900142C4
PRE IC=511839 IA=0142C4 INST=5830890A50E0 PSW=00040000900142C4 R0=FF000090 R1=FFFFFFFF R2=A00154CC R3=00014070 R4=0000B000 R5=0000B0C0 R6=80016A60 R7=00000218 R8=0001419A R9=00015D18 R10=50018AAA R11=70016614 R12=000154C8 R13=00FFCDF9 R14=600158FA R15=000142F0
POST ST=OK IC=511840 IA=0142C8 PSW=00040000900142C8
PRE IC=511840 IA=0142C8 INST=50E032EA9200 PSW=00040000900142C8 R0=FF000090 R1=FFFFFFFF R2=A00154CC R3=0001519A R4=0000B000 R5=0000B0C0 R6=80016A60 R7=00000218 R8=0001419A R9=00015D18 R10=50018AAA R11=70016614 R12=000154C8 R13=00FFCDF9 R14=600158FA R15=000142F0
POST ST=OK IC=511841 IA=0142CC PSW=00040000900142CC
PRE IC=511841 IA=0142CC INST=9200327892FF PSW=00040000900142CC R0=FF000090 R1=FFFFFFFF R2=A00154CC R3=0001519A R4=0000B000 R5=0000B0C0 R6=80016A60 R7=00000218 R8=0001419A R9=00015D18 R10=50018AAA R11=70016614 R12=000154C8 R13=00FFCDF9 R14=600158FA R15=000142F0
POST ST=OK IC=511842 IA=0142D0 PSW=00040000900142D0
PRE IC=511842 IA=0142D0 INST=92FF326A05EF PSW=00040000900142D0 R0=FF000090 R1=FFFFFFFF R2=A00154CC R3=0001519A R4=0000B000 R5=0000B0C0 R6=80016A60 R7=00000218 R8=0001419A R9=00015D18 R10=50018AAA R11=70016614 R12=000154C8 R13=00FFCDF9 R14=600158FA R15=000142F0
POST ST=OK IC=511843 IA=0142D4 PSW=00040000900142D4
PRE IC=511843 IA=0142D4 INST=05EF9200326A PSW=00040000900142D4 R0=FF000090 R1=FFFFFFFF R2=A00154CC R3=0001519A R4=0000B000 R5=0000B0C0 R6=80016A60 R7=00000218 R8=0001419A R9=00015D18 R10=50018AAA R11=70016614 R12=000154C8 R13=00FFCDF9 R14=600158FA R15=000142F0
POST ST=OK IC=511844 IA=0142F0 PSW=00040000500142F0
PRE IC=511844 IA=0142F0 INST=4160000D920A PSW=00040000500142F0 R0=FF000090 R1=FFFFFFFF R2=A00154CC R3=0001519A R4=0000B000 R5=0000B0C0 R6=80016A60 R7=00000218 R8=0001419A R9=00015D18 R10=50018AAA R11=70016614 R12=000154C8 R13=00FFCDF9 R14=500142D6 R15=000142F0
POST ST=OK IC=511845 IA=0142F4 PSW=00040000900142F4
PRE IC=511845 IA=0142F4 INST=920A327918A0 PSW=00040000900142F4 R0=FF000090 R1=FFFFFFFF R2=A00154CC R3=0001519A R4=0000B000 R5=0000B0C0 R6=0000000D R7=00000218 R8=0001419A R9=00015D18 R10=50018AAA R11=70016614 R12=000154C8 R13=00FFCDF9 R14=500142D6 R15=000142F0
POST ST=OK IC=511846 IA=0142F8 PSW=00040000900142F8
PRE IC=511846 IA=0142F8 INST=18A041AA0000 PSW=00040000900142F8 R0=FF000090 R1=FFFFFFFF R2=A00154CC R3=0001519A R4=0000B000 R5=0000B0C0 R6=0000000D R7=00000218 R8=0001419A R9=00015D18 R10=50018AAA R11=70016614 R12=000154C8 R13=00FFCDF9 R14=500142D6 R15=000142F0
POST ST=OK IC=511847 IA=0142FA PSW=00040000500142FA
PRE IC=511847 IA=0142FA INST=41AA00001850 PSW=00040000500142FA R0=FF000090 R1=FFFFFFFF R2=A00154CC R3=0001519A R4=0000B000 R5=0000B0C0 R6=0000000D R7=00000218 R8=0001419A R9=00015D18 R10=FF000090 R11=70016614 R12=000154C8 R13=00FFCDF9 R14=500142D6 R15=000142F0
POST ST=OK IC=511848 IA=0142FE PSW=00040000900142FE
PRE IC=511848 IA=0142FE INST=185088500018 PSW=00040000900142FE R0=FF000090 R1=FFFFFFFF R2=A00154CC R3=0001519A R4=0000B000 R5=0000B0C0 R6=0000000D R7=00000218 R8=0001419A R9=00015D18 R10=00000090 R11=70016614 R12=000154C8 R13=00FFCDF9 R14=500142D6 R15=000142F0
POST ST=OK IC=511849 IA=014300 PSW=0004000050014300
PRE IC=511849 IA=014300 INST=885000184250 PSW=0004000050014300 R0=FF000090 R1=FFFFFFFF R2=A00154CC R3=0001519A R4=0000B000 R5=FF000090 R6=0000000D R7=00000218 R8=0001419A R9=00015D18 R10=00000090 R11=70016614 R12=000154C8 R13=00FFCDF9 R14=500142D6 R15=000142F0
POST ST=OK IC=511850 IA=014304 PSW=0004000090014304
PRE IC=511850 IA=014304 INST=425032BE4050 PSW=0004000090014304 R0=FF000090 R1=FFFFFFFF R2=A00154CC R3=0001519A R4=0000B000 R5=000000FF R6=0000000D R7=00000218 R8=0001419A R9=00015D18 R10=00000090 R11=70016614 R12=000154C8 R13=00FFCDF9 R14=500142D6 R15=000142F0
POST ST=OK IC=511851 IA=014308 PSW=0004000090014308
PRE IC=511851 IA=014308 INST=405032C041B0 PSW=0004000090014308 R0=FF000090 R1=FFFFFFFF R2=A00154CC R3=0001519A R4=0000B000 R5=000000FF R6=0000000D R7=00000218 R8=0001419A R9=00015D18 R10=00000090 R11=70016614 R12=000154C8 R13=00FFCDF9 R14=500142D6 R15=000142F0
POST ST=OK IC=511852 IA=01430C PSW=000400009001430C
PRE IC=511852 IA=01430C INST=41B0329A501B PSW=000400009001430C R0=FF000090 R1=FFFFFFFF R2=A00154CC R3=0001519A R4=0000B000 R5=000000FF R6=0000000D R7=00000218 R8=0001419A R9=00015D18 R10=00000090 R11=70016614 R12=000154C8 R13=00FFCDF9 R14=500142D6 R15=000142F0
POST ST=OK IC=511853 IA=014310 PSW=0004000090014310
PRE IC=511853 IA=014310 INST=501B00009400 PSW=0004000090014310 R0=FF000090 R1=FFFFFFFF R2=A00154CC R3=0001519A R4=0000B000 R5=000000FF R6=0000000D R7=00000218 R8=0001419A R9=00015D18 R10=00000090 R11=00015434 R12=000154C8 R13=00FFCDF9 R14=500142D6 R15=000142F0
POST ST=OK IC=511854 IA=014314 PSW=0004000090014314
PRE IC=511854 IA=014314 INST=9400B0001211 PSW=0004000090014314 R0=FF000090 R1=FFFFFFFF R2=A00154CC R3=0001519A R4=0000B000 R5=000000FF R6=0000000D R7=00000218 R8=0001419A R9=00015D18 R10=00000090 R11=00015434 R12=000154C8 R13=00FFCDF9 R14=500142D6 R15=000142F0
POST ST=OK IC=511855 IA=014318 PSW=0004000080014318
PRE IC=511855 IA=014318 INST=121147808916 PSW=0004000080014318 R0=FF000090 R1=FFFFFFFF R2=A00154CC R3=0001519A R4=0000B000 R5=000000FF R6=0000000D R7=00000218 R8=0001419A R9=00015D18 R10=00000090 R11=00015434 R12=000154C8 R13=00FFCDF9 R14=500142D6 R15=000142F0
POST ST=OK IC=511856 IA=01431A PSW=000400005001431A
PRE IC=511856 IA=01431A INST=478089164720 PSW=000400005001431A R0=FF000090 R1=FFFFFFFF R2=A00154CC R3=0001519A R4=0000B000 R5=000000FF R6=0000000D R7=00000218 R8=0001419A R9=00015D18 R10=00000090 R11=00015434 R12=000154C8 R13=00FFCDF9 R14=500142D6 R15=000142F0
POST ST=OK IC=511857 IA=01431E PSW=000400009001431E
PRE IC=511857 IA=01431E INST=4720876445D0 PSW=000400009001431E R0=FF000090 R1=FFFFFFFF R2=A00154CC R3=0001519A R4=0000B000 R5=000000FF R6=0000000D R7=00000218 R8=0001419A R9=00015D18 R10=00000090 R11=00015434 R12=000154C8 R13=00FFCDF9 R14=500142D6 R15=000142F0
POST ST=OK IC=511858 IA=014322 PSW=0004000090014322
PRE IC=511858 IA=014322 INST=45D083F847F0 PSW=0004000090014322 R0=FF000090 R1=FFFFFFFF R2=A00154CC R3=0001519A R4=0000B000 R5=000000FF R6=0000000D R7=00000218 R8=0001419A R9=00015D18 R10=00000090 R11=00015434 R12=000154C8 R13=00FFCDF9 R14=500142D6 R15=000142F0
POST ST=OK IC=511859 IA=014592 PSW=0004000090014592
PRE IC=511859 IA=014592 INST=50A033164590 PSW=0004000090014592 R0=FF000090 R1=FFFFFFFF R2=A00154CC R3=0001519A R4=0000B000 R5=000000FF R6=0000000D R7=00000218 R8=0001419A R9=00015D18 R10=00000090 R11=00015434 R12=000154C8 R13=90014326 R14=500142D6 R15=000142F0
POST ST=OK IC=511860 IA=014596 PSW=0004000090014596
PRE IC=511860 IA=014596 INST=45908E1047F0 PSW=0004000090014596 R0=FF000090 R1=FFFFFFFF R2=A00154CC R3=0001519A R4=0000B000 R5=000000FF R6=0000000D R7=00000218 R8=0001419A R9=00015D18 R10=00000090 R11=00015434 R12=000154C8 R13=90014326 R14=500142D6 R15=000142F0
POST ST=OK IC=511861 IA=014FAA PSW=0004000090014FAA
PRE IC=511861 IA=014FAA INST=417000809200 PSW=0004000090014FAA R0=FF000090 R1=FFFFFFFF R2=A00154CC R3=0001519A R4=0000B000 R5=000000FF R6=0000000D R7=00000218 R8=0001419A R9=9001459A R10=00000090 R11=00015434 R12=000154C8 R13=90014326 R14=500142D6 R15=000142F0
POST ST=OK IC=511862 IA=014FAE PSW=0004000090014FAE
PRE IC=511862 IA=014FAE INST=920032721B75 PSW=0004000090014FAE R0=FF000090 R1=FFFFFFFF R2=A00154CC R3=0001519A R4=0000B000 R5=000000FF R6=0000000D R7=00000080 R8=0001419A R9=9001459A R10=00000090 R11=00015434 R12=000154C8 R13=90014326 R14=500142D6 R15=000142F0
POST ST=OK IC=511863 IA=014FB2 PSW=0004000090014FB2
PRE IC=511863 IA=014FB2 INST=1B7547208F12 PSW=0004000090014FB2 R0=FF000090 R1=FFFFFFFF R2=A00154CC R3=0001519A R4=0000B000 R5=000000FF R6=0000000D R7=00000080 R8=0001419A R9=9001459A R10=00000090 R11=00015434 R12=000154C8 R13=90014326 R14=500142D6 R15=000142F0
POST ST=OK IC=511864 IA=014FB4 PSW=0004000050014FB4
PRE IC=511864 IA=014FB4 INST=47208F129180 PSW=0004000050014FB4 R0=FF000090 R1=FFFFFFFF R2=A00154CC R3=0001519A R4=0000B000 R5=000000FF R6=0000000D R7=FFFFFF81 R8=0001419A R9=9001459A R10=00000090 R11=00015434 R12=000154C8 R13=90014326 R14=500142D6 R15=000142F0
POST ST=OK IC=511865 IA=014FB8 PSW=0004000090014FB8
PRE IC=511865 IA=014FB8 INST=918040944780 PSW=0004000090014FB8 R0=FF000090 R1=FFFFFFFF R2=A00154CC R3=0001519A R4=0000B000 R5=000000FF R6=0000000D R7=FFFFFF81 R8=0001419A R9=9001459A R10=00000090 R11=00015434 R12=000154C8 R13=90014326 R14=500142D6 R15=000142F0
POST ST=OK IC=511866 IA=014FBC PSW=0004000080014FBC
PRE IC=511866 IA=014FBC INST=47808E2A92FF PSW=0004000080014FBC R0=FF000090 R1=FFFFFFFF R2=A00154CC R3=0001519A R4=0000B000 R5=000000FF R6=0000000D R7=FFFFFF81 R8=0001419A R9=9001459A R10=00000090 R11=00015434 R12=000154C8 R13=90014326 R14=500142D6 R15=000142F0
POST ST=OK IC=511867 IA=014FC4 PSW=0004000080014FC4
PRE IC=511867 IA=014FC4 INST=417000F31B75 PSW=0004000080014FC4 R0=FF000090 R1=FFFFFFFF R2=A00154CC R3=0001519A R4=0000B000 R5=000000FF R6=0000000D R7=FFFFFF81 R8=0001419A R9=9001459A R10=00000090 R11=00015434 R12=000154C8 R13=90014326 R14=500142D6 R15=000142F0
POST ST=OK IC=511868 IA=014FC8 PSW=0004000080014FC8
PRE IC=511868 IA=014FC8 INST=1B7513774740 PSW=0004000080014FC8 R0=FF000090 R1=FFFFFFFF R2=A00154CC R3=0001519A R4=0000B000 R5=000000FF R6=0000000D R7=000000F3 R8=0001419A R9=9001459A R10=00000090 R11=00015434 R12=000154C8 R13=90014326 R14=500142D6 R15=000142F0
POST ST=OK IC=511869 IA=014FCA PSW=0004000050014FCA
PRE IC=511869 IA=014FCA INST=137747408E4A PSW=0004000050014FCA R0=FF000090 R1=FFFFFFFF R2=A00154CC R3=0001519A R4=0000B000 R5=000000FF R6=0000000D R7=FFFFFFF4 R8=0001419A R9=9001459A R10=00000090 R11=00015434 R12=000154C8 R13=90014326 R14=500142D6 R15=000142F0
POST ST=UNSUPPORTED IC=511869 IA=014FCA PSW=0004000050014FCA
STOP n=282538 IC=511869 PREIA=014FCA INST=137747408E4A OP=13 PSW=0004000050014FCA ST=UNSUPPORTED
LOWCORE_20_6F=00040012B0FF71CA00000000000000000000FF0000000000000000000000000000FFC4E80C00000000FFC4C00001407062E0530000018AD80004000000015DB800040000000165F000040000000002CA
PROGRAM_OLD_28=0000000000000000
PROGRAM_NEW_68=00040000000002CA
