==== 1 test_3215_console.rex
PASS test_3215_console
==== 2 test_3330_mt_read_count_file_mask.rex
PASS test_3330_mt_read_count_file_mask
==== 3 test_3330_search_key_semantics.rex
PASS test_3330_search_key_semantics
==== 4 test_ccw0.rex
PASS test_ccw0
==== 5 test_ccw0_ignored_byte.rex
PASS test_ccw0_ignored_byte
==== 6 test_clock_instruction_range.rex
PASS test_clock_instruction_range
==== 7 test_clock_one_instruction_equivalence.rex
PASS test_clock_one_instruction_equivalence
==== 8 test_cpu_al.rex
PASS test_cpu_al
==== 9 test_cpu_al_live_trial.rex
PASS test_cpu_al_live_trial
==== 10 test_cpu_al_promotion_equivalence.rex
PASS test_cpu_al_promotion_equivalence
==== 11 test_cpu_alr.rex
PASS test_cpu_alr
==== 12 test_cpu_alr_live_trial.rex
PASS test_cpu_alr_live_trial
==== 13 test_cpu_alr_promotion_equivalence.rex
PASS test_cpu_alr_promotion_equivalence
==== 14 test_cpu_bal_aliasing.rex
PASS test_cpu_bal_aliasing
==== 15 test_cpu_cvd.rex
PASS test_cpu_cvd
==== 16 test_cpu_cvd_live_trial.rex
PASS test_cpu_cvd_live_trial
==== 17 test_cpu_ex_sequencing.rex
PASS test_cpu_ex_sequencing
==== 18 test_cpu_fast_gpr_equivalence.rex
PASS test_cpu_fast_gpr_equivalence
==== 19 test_cpu_lcr.rex
PASS test_cpu_lcr
==== 20 test_cpu_lcr_live_trial.rex
PASS test_cpu_lcr_live_trial
==== 21 test_cpu_lpsw_exact.rex
PASS test_cpu_lpsw_exact
==== 22 test_cpu_mc.rex
PASS test_cpu_mc
==== 23 test_cpu_nc.rex
PASS test_cpu_nc
==== 24 test_cpu_nc_live_trial.rex
PASS test_cpu_nc_live_trial
==== 25 test_cpu_nc_promotion_equivalence.rex
PASS test_cpu_nc_promotion_equivalence
==== 26 test_cpu_nr.rex
PASS test_cpu_nr
==== 27 test_cpu_nr_live_trial.rex
PASS test_cpu_nr_live_trial
==== 28 test_cpu_o.rex
PASS test_cpu_o
==== 29 test_cpu_o_live_trial.rex
PASS test_cpu_o_live_trial
==== 30 test_cpu_o_promotion_equivalence.rex
PASS test_cpu_o_promotion_equivalence
==== 31 test_cpu_pack.rex
PASS test_cpu_pack
==== 32 test_cpu_sla.rex
PASS test_cpu_sla
==== 33 test_cpu_sra.rex
PASS test_cpu_sra
==== 34 test_cpu_tch.rex
PASS test_cpu_tch
==== 35 test_cpu_unpk.rex
PASS test_cpu_unpk
CHUNK PASS 1-35
==== 36 test_cpu_unpk_live_trial.rex
PASS test_cpu_unpk_live_trial
==== 37 test_executor_live_method_removal.rex
PASS test_executor_live_method_removal
==== 38 test_executor_live_method_replacement.rex
PASS test_executor_live_method_replacement
==== 39 test_executor_live_method_seam.rex
PASS test_executor_live_method_seam
==== 40 test_freeze_fail_closed.rex
PASS test_freeze_fail_closed
==== 41 test_freeze_replay.rex
PASS test_freeze_replay
==== 42 test_ipl_channel_replay.rex
PASS test_ipl_channel_replay
==== 43 test_ipl_completion.rex
PASS test_ipl_completion
==== 44 test_ipl_first24.rex
PASS test_ipl_first24
==== 45 test_journal_freeze_separation.rex
PASS test_journal_freeze_separation
==== 46 test_journal_instruction_rewind.rex
PASS test_journal_instruction_rewind
==== 47 test_journal_ipl_rewind.rex
PASS test_journal_ipl_rewind
==== 48 test_journal_live_patch_rewind.rex
PASS test_journal_live_patch_rewind
==== 49 test_journal_storage_branching.rex
PASS test_journal_storage_branching
==== 50 test_mvt_mc_live_journal_trial.rex
PASS test_mvt_mc_live_journal_trial
==== 51 test_mvt_unpk_frontier_microstate.rex
PASS test_mvt_unpk_frontier_microstate
==== 52 test_nucleus.rex
PASS test_nucleus
==== 53 test_program_operation_interrupt.rex
PASS test_program_operation_interrupt
==== 54 test_program_operation_interrupt_live_trial.rex
PASS test_program_operation_interrupt_live_trial
==== 55 test_program_operation_interrupt_promotion_equivalence.rex
PASS test_program_operation_interrupt_promotion_equivalence
CHUNK PASS 36-55
==== test_real_media.rex
GEOM 404 19 13312 30
RECORDS 5
0 0 8 0000000000 0000000000000000                                                
1 4 24 0000000001 000000000000000006003A986000006008003A9800000000                
2 4 144 0000000002 07003AB84000000631003ABE4000000508003AA0000000000600000020001960
3 4 80 0000000003 E5D6D3F1D4E5E3D9C5E240000000010100000000000000000000000000000000
4 0 3328 0000000004 0000000000000080000000000000000000000000000000000000000000000000
PASS test_real_media
==== test_real_mvt_ipl.rex
PASS test_real_mvt_ipl PSW=0000000000000080 CCHHR=0/0/4
==== test_state_tamper_rejected.rex
PASS test_state_tamper_rejected
==== test_storage_small_fastpath.rex
PASS test_storage_small_fastpath
==== test_tic.rex
PASS test_tic
CHUNK PASS 56-60
RUNTIME PASS 60 tests
