COMPILE PASS 102 sources
== test_3215_console.rex ==
PASS test_3215_console
== test_3330_mt_read_count_file_mask.rex ==
PASS test_3330_mt_read_count_file_mask
== test_3330_search_key_semantics.rex ==
PASS test_3330_search_key_semantics
== test_ccw0.rex ==
PASS test_ccw0
== test_ccw0_ignored_byte.rex ==
PASS test_ccw0_ignored_byte
== test_clock_instruction_range.rex ==
PASS test_clock_instruction_range
== test_clock_one_instruction_equivalence.rex ==
PASS test_clock_one_instruction_equivalence
== test_cpu_al.rex ==
PASS test_cpu_al
== test_cpu_al_live_trial.rex ==
PASS test_cpu_al_live_trial
== test_cpu_al_promotion_equivalence.rex ==
PASS test_cpu_al_promotion_equivalence
== test_cpu_bal_aliasing.rex ==
PASS test_cpu_bal_aliasing
== test_cpu_cvd.rex ==
PASS test_cpu_cvd
== test_cpu_cvd_live_trial.rex ==
PASS test_cpu_cvd_live_trial
== test_cpu_ex_sequencing.rex ==
PASS test_cpu_ex_sequencing
== test_cpu_fast_gpr_equivalence.rex ==
PASS test_cpu_fast_gpr_equivalence
== test_cpu_lcr.rex ==
PASS test_cpu_lcr
== test_cpu_lcr_live_trial.rex ==
PASS test_cpu_lcr_live_trial
== test_cpu_lpsw_exact.rex ==
PASS test_cpu_lpsw_exact
== test_cpu_mc.rex ==
PASS test_cpu_mc
== test_cpu_nr.rex ==
PASS test_cpu_nr
== test_cpu_nr_live_trial.rex ==
PASS test_cpu_nr_live_trial
== test_cpu_pack.rex ==
PASS test_cpu_pack
== test_cpu_sla.rex ==
PASS test_cpu_sla
== test_cpu_sra.rex ==
PASS test_cpu_sra
== test_cpu_tch.rex ==
PASS test_cpu_tch
== test_cpu_unpk.rex ==
PASS test_cpu_unpk
== test_cpu_unpk_live_trial.rex ==
PASS test_cpu_unpk_live_trial
== test_executor_live_method_removal.rex ==
PASS test_executor_live_method_removal
== test_executor_live_method_replacement.rex ==
PASS test_executor_live_method_replacement
== test_executor_live_method_seam.rex ==
PASS test_executor_live_method_seam
== test_freeze_fail_closed.rex ==
PASS test_freeze_fail_closed
== test_freeze_replay.rex ==
PASS test_freeze_replay
== test_ipl_channel_replay.rex ==
PASS test_ipl_channel_replay
== test_ipl_completion.rex ==
PASS test_ipl_completion
== test_ipl_first24.rex ==
PASS test_ipl_first24
== test_journal_freeze_separation.rex ==
PASS test_journal_freeze_separation
== test_journal_instruction_rewind.rex ==
PASS test_journal_instruction_rewind
== test_journal_ipl_rewind.rex ==
PASS test_journal_ipl_rewind
== test_journal_live_patch_rewind.rex ==
PASS test_journal_live_patch_rewind
== test_journal_storage_branching.rex ==
PASS test_journal_storage_branching
== test_mvt_mc_live_journal_trial.rex ==
PASS test_mvt_mc_live_journal_trial
== test_mvt_unpk_frontier_microstate.rex ==
PASS test_mvt_unpk_frontier_microstate
== test_nucleus.rex ==
PASS test_nucleus
== test_real_media.rex ==
GEOM 404 19 13312 30
RECORDS 5
0 0 8 0000000000 0000000000000000                                                
1 4 24 0000000001 000000000000000006003A986000006008003A9800000000                
2 4 144 0000000002 07003AB84000000631003ABE4000000508003AA0000000000600000020001960
3 4 80 0000000003 E5D6D3F1D4E5E3D9C5E240000000010100000000000000000000000000000000
4 0 3328 0000000004 0000000000000080000000000000000000000000000000000000000000000000
PASS test_real_media
== test_real_mvt_ipl.rex ==
PASS test_real_mvt_ipl PSW=0000000000000080 CCHHR=0/0/4
== test_state_tamper_rejected.rex ==
PASS test_state_tamper_rejected
== test_storage_small_fastpath.rex ==
PASS test_storage_small_fastpath
== test_tic.rex ==
PASS test_tic
RUNTIME PASS 48 tests
