./CHANGELOG.md: OK
./CHANGES_SINCE_JOURNAL1.txt: OK
./CONSOLE_ACCEPTANCE.log: OK
./HANDOVER_20260826_0406.md: OK
./HANDOVER_20260826_0451.md: OK
./HANDOVER_20260826_0639.md: OK
./HANDOVER_SAFETY10.md: OK
./HANDOVER_SAFETY11.md: OK
./HANDOVER_SAFETY12.md: OK
./HANDOVER_SAFETY13.md: OK
./HANDOVER_SAFETY14.md: OK
./HANDOVER_SAFETY15.md: OK
./HANDOVER_SAFETY16.md: OK
./HANDOVER_SAFETY17.md: OK
./HANDOVER_SAFETY18.md: OK
./HANDOVER_SAFETY19.md: OK
./HANDOVER_SAFETY20.md: OK
./HANDOVER_SAFETY21.md: OK
./HANDOVER_SAFETY22.md: OK
./HANDOVER_SAFETY23.md: OK
./HANDOVER_SAFETY24.md: OK
./HANDOVER_SAFETY6.md: OK
./HANDOVER_SAFETY7.md: OK
./HANDOVER_SAFETY8.md: OK
./HANDOVER_SAFETY9.md: OK
./IBM370Architecture.cls: OK
./IBM370DASD.cls: OK
./IBM370Executor.cls: OK
./IBM370IO.cls: OK
./IBM370Media.cls: OK
./IBM4361.cls: OK
./IBM4361Journal.cls: OK
./IBM4361State.cls: OK
./README.md: OK
./RECOVERY.md: OK
./REFERENCES.md: OK
./SAFETY10_CHECKPOINT.txt: OK
./SAFETY11_CHECKPOINT.txt: OK
./SAFETY12_CHECKPOINT.txt: OK
./SAFETY13_CHECKPOINT.txt: OK
./SAFETY14_CHECKPOINT.txt: OK
./SAFETY15_CHECKPOINT.txt: OK
./SAFETY16_CHECKPOINT.txt: OK
./SAFETY17_CHECKPOINT.txt: OK
./SAFETY18_CHECKPOINT.txt: OK
./SAFETY19_CHECKPOINT.txt: OK
./SAFETY20_CHECKPOINT.txt: OK
./SAFETY21_CHECKPOINT.txt: OK
./SAFETY22_CHECKPOINT.txt: OK
./SAFETY23_CHECKPOINT.txt: OK
./SAFETY24_CHECKPOINT.txt: OK
./SAFETY2_CHECKPOINT.txt: OK
./SAFETY4_CHECKPOINT.txt: OK
./SAFETY5_CHECKPOINT.txt: OK
./SAFETY6_CHECKPOINT.txt: OK
./SAFETY7_CHECKPOINT.txt: OK
./SAFETY9_CHECKPOINT.txt: OK
./SAFETY_CHECKPOINT.txt: OK
./SOURCE_PROVENANCE.md: OK
./VALIDATION.txt: OK
./VALIDATION_JOURNAL.txt: OK
./VALIDATION_RECOVERY2.txt: OK
./VALIDATION_SAFETY10.txt: OK
./VALIDATION_SAFETY11.txt: OK
./VALIDATION_SAFETY12.txt: OK
./VALIDATION_SAFETY13.txt: OK
./VALIDATION_SAFETY14.txt: OK
./VALIDATION_SAFETY15.txt: OK
./VALIDATION_SAFETY16.txt: OK
./VALIDATION_SAFETY17.txt: OK
./VALIDATION_SAFETY18.txt: OK
./VALIDATION_SAFETY19.txt: OK
./VALIDATION_SAFETY2.txt: OK
./VALIDATION_SAFETY20.txt: OK
./VALIDATION_SAFETY21.txt: OK
./VALIDATION_SAFETY22.txt: OK
./VALIDATION_SAFETY23.txt: OK
./VALIDATION_SAFETY24.txt: OK
./VALIDATION_SAFETY3.txt: OK
./VALIDATION_SAFETY4.txt: OK
./VALIDATION_SAFETY5.txt: OK
./VALIDATION_SAFETY6.txt: OK
./VALIDATION_SAFETY7.txt: OK
./VALIDATION_SAFETY9.txt: OK
./VALIDATION_SAFETY_CHECKPOINT.txt: OK
./docs/DESIGN.md: OK
./docs/JOURNAL_INTEGRATION.md: OK
./docs/LIVE_ARCHAEOLOGY.md: OK
./docs/MVT_GUEST_CORPUS.md: OK
./evidence/mvt_console_acceptance.log: OK
./evidence/mvt_console_pack_path.log: OK
./evidence/mvt_console_progress.log: OK
./evidence/mvt_cvd_journal_retry.log: OK
./evidence/mvt_exact_next_stop.log: OK
./evidence/mvt_mc_live_trial_pre_promotion.log: OK
./evidence/mvt_next_unsupported.log: OK
./evidence/mvt_safety10_nr_journal_retry.log: OK
./evidence/mvt_safety10_permanent_nr_progress.log: OK
./evidence/mvt_safety11_al_journal_retry.log: OK
./evidence/mvt_safety11_al_journal_retry.stdout.log: OK
./evidence/mvt_safety12_o_journal_retry.log: OK
./evidence/mvt_safety12_o_journal_retry.stdout.log: OK
./evidence/mvt_safety13_nc_journal_retry.log: OK
./evidence/mvt_safety13_nc_journal_retry.rc: OK
./evidence/mvt_safety13_nc_journal_retry.stdout.log: OK
./evidence/mvt_safety14_program_interrupt_journal_handoff.log: OK
./evidence/mvt_safety14_program_interrupt_journal_handoff.rc: OK
./evidence/mvt_safety14_program_interrupt_journal_handoff.stdout.log: OK
./evidence/mvt_safety15_alr_journal_handoff.log: OK
./evidence/mvt_safety16_ff_program_interrupt_journal_handoff.log: OK
./evidence/mvt_safety16_ff_trace.log: OK
./evidence/mvt_safety17_c4_program_interrupt_journal_handoff.log: OK
./evidence/mvt_safety18_62_program_interrupt_journal_handoff.log: OK
./evidence/mvt_safety19_5d_spec_journal_handoff.log: OK
./evidence/mvt_safety19_divide_frontier.log: OK
./evidence/mvt_safety20_d1_mvn_journal_handoff.log: OK
./evidence/mvt_safety20_permanent_frontier.log: OK
./evidence/mvt_safety21_65_program_interrupt_journal_handoff.log: OK
./evidence/mvt_safety23_70_permanent_frontier.log: OK
./evidence/mvt_safety23_70_specification_journal_handoff.log: OK
./evidence/mvt_safety24_ex_target_specification_journal_handoff.log: OK
./evidence/mvt_safety24_permanent_frontier.log: OK
./evidence/mvt_safety4_frontier.log: OK
./evidence/mvt_safety5_frontier.log: OK
./evidence/mvt_safety7_frontier.log: OK
./evidence/mvt_safety8_bal_journal_retry.log: OK
./evidence/mvt_safety8_false_b0_trace.log: OK
./evidence/mvt_safety8_permanent_bal_progress.log: OK
./evidence/mvt_safety9_lcr_journal_retry.log: OK
./evidence/mvt_safety9_permanent_lcr_progress.log: OK
./evidence/mvt_sra_journal_retry.log: OK
./evidence/mvt_unpk_journal_retry_transcribed.log: OK
./evidence/probe_media_equivalence.txt: OK
./evidence/probe_media_equivalence_safety13.txt: OK
./evidence/probe_media_equivalence_safety5.txt: OK
./evidence/probe_media_equivalence_safety6.txt: OK
./evidence/safety10_full_suite.log: OK
./evidence/safety11_full_suite.log: OK
./evidence/safety12_full_suite.log: OK
./evidence/safety13_full_suite.log: OK
./evidence/safety14_compile.log: OK
./evidence/safety14_full_suite.log: OK
./evidence/safety15_compile.log: OK
./evidence/safety15_full_suite.log: OK
./evidence/safety16_compile.log: OK
./evidence/safety16_full_suite.log: OK
./evidence/safety17_compile.log: OK
./evidence/safety17_full_suite.log: OK
./evidence/safety18_compile.log: OK
./evidence/safety18_full_suite.log: OK
./evidence/safety19_compile.log: OK
./evidence/safety19_full_suite.log: OK
./evidence/safety20_compile.log: OK
./evidence/safety20_full_suite.log: OK
./evidence/safety21_compile.log: OK
./evidence/safety21_full_suite.log: OK
./evidence/safety21_gopher_language_rules.json: OK
./evidence/safety21_gopher_opcode65_recovered_evidence.json: OK
./evidence/safety21_gopher_package_check_preseal.json: OK
./evidence/safety21_gopher_sphere_registry.json: OK
./evidence/safety21_runtime.txt: OK
./evidence/safety22_compile.log: OK
./evidence/safety22_full_suite.log: OK
./evidence/safety22_gopher_method_edit.json: OK
./evidence/safety22_gopher_package_check_preseal.json: OK
./evidence/safety22_ibm_opcode02_source.json: OK
./evidence/safety22_long_guest_rerun_attempt.console.log: OK
./evidence/safety22_long_guest_rerun_attempt.log: OK
./evidence/safety22_recovered_guest_proof.json: OK
./evidence/safety22_runtime.txt: OK
./evidence/safety23_full_suite.log: OK
./evidence/safety23_gopher_method_edit.json: OK
./evidence/safety23_gopher_package_check_preseal.json: OK
./evidence/safety23_guest_proof.json: OK
./evidence/safety23_ibm_ste_source.json: OK
./evidence/safety23_manifest_prepack_verify.log: OK
./evidence/safety24_compile.log: OK
./evidence/safety24_ex_target_live_microstate.log: OK
./evidence/safety24_focused_tests.log: OK
./evidence/safety24_full_suite.log: OK
./evidence/safety24_handoff_process.out: OK
./evidence/safety24_handoff_process.pid: OK
./evidence/safety24_handoff_process.rc: OK
./evidence/safety24_runtime_qualification.log: OK
./evidence/safety24_step_candidate.rexsrc: OK
./evidence/safety24_step_pre_promotion.rexsrc: OK
./evidence/safety4_full_tests.log: OK
./evidence/safety5_full_tests.log: OK
./evidence/safety5_real_media_tests.log: OK
./evidence/safety6_real_media_tests.log: OK
./evidence/safety6_validation.log: OK
./evidence/safety7_compile.log: OK
./evidence/safety7_real_media_tests.log: OK
./evidence/safety7_runtime_tests.log: OK
./evidence/safety8_full_suite.log: OK
./evidence/safety9_full_suite.log: OK
./run_tests.sh: OK
./tests/probe_after_56k.rex: OK
./tests/probe_after_56k_file.rex: OK
./tests/probe_after_75k_file.rex: OK
./tests/probe_al_promotion_microstate.rex: OK
./tests/probe_before_dr.rex: OK
./tests/probe_ccw_decisions.rex: OK
./tests/probe_channel_frontier.rex: OK
./tests/probe_console_acceptance.rex: OK
./tests/probe_console_determination_io.rex: OK
./tests/probe_console_pack_path.rex: OK
./tests/probe_continue_mvt.rex: OK
./tests/probe_cpu_bal_live_journal_trial.rex: OK
./tests/probe_exact_next_stop.rex: OK
./tests/probe_ffe038.rex: OK
./tests/probe_high_loop.rex: OK
./tests/probe_ipl_c38.rex: OK
./tests/probe_ipl_coresize.rex: OK
./tests/probe_ipl_first80.rex: OK
./tests/probe_ipl_handoff.rex: OK
./tests/probe_loader_detail.rex: OK
./tests/probe_loader_fallthrough.rex: OK
./tests/probe_loader_progress.rex: OK
./tests/probe_long_frontier.rex: OK
./tests/probe_mvt_62_program_interrupt_journal_handoff.rex: OK
./tests/probe_mvt_al_journal_retry.rex: OK
./tests/probe_mvt_alr_journal_handoff.rex: OK
./tests/probe_mvt_bal_journal_retry.rex: OK
./tests/probe_mvt_c4_program_interrupt_journal_handoff.rex: OK
./tests/probe_mvt_console_progress.rex: OK
./tests/probe_mvt_cvd_journal_retry.rex: OK
./tests/probe_mvt_divide_frontier.rex: OK
./tests/probe_mvt_ff_program_interrupt_journal_handoff.rex: OK
./tests/probe_mvt_lcr_journal_retry.rex: OK
./tests/probe_mvt_nc_journal_retry.rex: OK
./tests/probe_mvt_nr_journal_retry.rex: OK
./tests/probe_mvt_o_journal_retry.rex: OK
./tests/probe_mvt_program_interrupt_journal_handoff.rex: OK
./tests/probe_mvt_safety10_frontier.rex: OK
./tests/probe_mvt_safety11_frontier.rex: OK
./tests/probe_mvt_safety12_frontier.rex: OK
./tests/probe_mvt_safety13_frontier.rex: OK
./tests/probe_mvt_safety16_ff_trace.rex: OK
./tests/probe_mvt_safety19_5d_spec_journal_handoff.rex: OK
./tests/probe_mvt_safety20_d1_mvn_journal_handoff.rex: OK
./tests/probe_mvt_safety20_permanent_frontier.rex: OK
./tests/probe_mvt_safety21_65_program_interrupt_journal_handoff.rex: OK
./tests/probe_mvt_safety22_02_permanent_frontier.rex: OK
./tests/probe_mvt_safety22_02_program_interrupt_journal_handoff.rex: OK
./tests/probe_mvt_safety23_70_permanent_frontier.rex: OK
./tests/probe_mvt_safety23_70_specification_journal_handoff.rex: OK
./tests/probe_mvt_safety24_ex_target_specification_journal_handoff.rex: OK
./tests/probe_mvt_safety24_permanent_frontier.rex: OK
./tests/probe_mvt_safety5_frontier.rex: OK
./tests/probe_mvt_safety6_fast.rex: OK
./tests/probe_mvt_safety6_frontier.rex: OK
./tests/probe_mvt_safety7_frontier.rex: OK
./tests/probe_mvt_safety8_b0_trace.rex: OK
./tests/probe_mvt_safety9_frontier.rex: OK
./tests/probe_mvt_with_3215.rex: OK
./tests/probe_next_unsupported.rex: OK
./tests/probe_pre_high_ring.rex: OK
./tests/probe_relocated_handoff.rex: OK
./tests/probe_relocation_ex.rex: OK
./tests/probe_to_new_boundary_file.rex: OK
./tests/probe_wait7_trace.rex: OK
./tests/probe_wait_handoff_r6.rex: OK
./tests/probe_watch_ffe608.rex: OK
./tests/test_3215_console.rex: OK
./tests/test_3330_mt_read_count_file_mask.rex: OK
./tests/test_3330_search_key_semantics.rex: OK
./tests/test_ccw0.rex: OK
./tests/test_ccw0_ignored_byte.rex: OK
./tests/test_clock_instruction_range.rex: OK
./tests/test_clock_one_instruction_equivalence.rex: OK
./tests/test_cpu_al.rex: OK
./tests/test_cpu_al_live_trial.rex: OK
./tests/test_cpu_al_promotion_equivalence.rex: OK
./tests/test_cpu_alr.rex: OK
./tests/test_cpu_alr_live_trial.rex: OK
./tests/test_cpu_alr_promotion_equivalence.rex: OK
./tests/test_cpu_bal_aliasing.rex: OK
./tests/test_cpu_cvd.rex: OK
./tests/test_cpu_cvd_live_trial.rex: OK
./tests/test_cpu_ex_sequencing.rex: OK
./tests/test_cpu_fast_gpr_equivalence.rex: OK
./tests/test_cpu_lcr.rex: OK
./tests/test_cpu_lcr_live_trial.rex: OK
./tests/test_cpu_lpsw_exact.rex: OK
./tests/test_cpu_mc.rex: OK
./tests/test_cpu_mvn.rex: OK
./tests/test_cpu_mvn_live_trial.rex: OK
./tests/test_cpu_mvn_promotion_equivalence.rex: OK
./tests/test_cpu_nc.rex: OK
./tests/test_cpu_nc_live_trial.rex: OK
./tests/test_cpu_nc_promotion_equivalence.rex: OK
./tests/test_cpu_nr.rex: OK
./tests/test_cpu_nr_live_trial.rex: OK
./tests/test_cpu_o.rex: OK
./tests/test_cpu_o_live_trial.rex: OK
./tests/test_cpu_o_promotion_equivalence.rex: OK
./tests/test_cpu_pack.rex: OK
./tests/test_cpu_sla.rex: OK
./tests/test_cpu_sra.rex: OK
./tests/test_cpu_tch.rex: OK
./tests/test_cpu_unpk.rex: OK
./tests/test_cpu_unpk_live_trial.rex: OK
./tests/test_executor_live_method_removal.rex: OK
./tests/test_executor_live_method_replacement.rex: OK
./tests/test_executor_live_method_seam.rex: OK
./tests/test_freeze_fail_closed.rex: OK
./tests/test_freeze_replay.rex: OK
./tests/test_ipl_channel_replay.rex: OK
./tests/test_ipl_completion.rex: OK
./tests/test_ipl_first24.rex: OK
./tests/test_journal_freeze_separation.rex: OK
./tests/test_journal_instruction_rewind.rex: OK
./tests/test_journal_ipl_rewind.rex: OK
./tests/test_journal_live_patch_rewind.rex: OK
./tests/test_journal_storage_branching.rex: OK
./tests/test_mvt_mc_live_journal_trial.rex: OK
./tests/test_mvt_unpk_frontier_microstate.rex: OK
./tests/test_nucleus.rex: OK
./tests/test_program_operation_interrupt.rex: OK
./tests/test_program_operation_interrupt_02.rex: OK
./tests/test_program_operation_interrupt_02_live_trial.rex: OK
./tests/test_program_operation_interrupt_02_promotion_equivalence.rex: OK
./tests/test_program_operation_interrupt_62.rex: OK
./tests/test_program_operation_interrupt_62_live_trial.rex: OK
./tests/test_program_operation_interrupt_62_promotion_equivalence.rex: OK
./tests/test_program_operation_interrupt_65.rex: OK
./tests/test_program_operation_interrupt_65_live_trial.rex: OK
./tests/test_program_operation_interrupt_65_promotion_equivalence.rex: OK
./tests/test_program_operation_interrupt_c4.rex: OK
./tests/test_program_operation_interrupt_c4_live_trial.rex: OK
./tests/test_program_operation_interrupt_c4_promotion_equivalence.rex: OK
./tests/test_program_operation_interrupt_ff.rex: OK
./tests/test_program_operation_interrupt_ff_live_trial.rex: OK
./tests/test_program_operation_interrupt_ff_promotion_equivalence.rex: OK
./tests/test_program_operation_interrupt_live_trial.rex: OK
./tests/test_program_operation_interrupt_promotion_equivalence.rex: OK
./tests/test_program_specification_interrupt_5d.rex: OK
./tests/test_program_specification_interrupt_5d_live_trial.rex: OK
./tests/test_program_specification_interrupt_5d_promotion_equivalence.rex: OK
./tests/test_program_specification_interrupt_70.rex: OK
./tests/test_program_specification_interrupt_70_live_trial.rex: OK
./tests/test_program_specification_interrupt_70_promotion_equivalence.rex: OK
./tests/test_program_specification_interrupt_ex_target_live_trial.rex: OK
./tests/test_program_specification_interrupt_ex_target_permanent.rex: OK
./tests/test_program_specification_interrupt_ex_target_promotion_equivalence.rex: OK
./tests/test_real_media.rex: OK
./tests/test_real_mvt_ipl.rex: OK
./tests/test_state_tamper_rejected.rex: OK
./tests/test_storage_small_fastpath.rex: OK
./tests/test_tic.rex: OK
