COMPILE PASS 162 sources
== test_3215_console.rex ==
PASS test_3215_console
== test_3330_mt_read_count_file_mask.rex ==
PASS test_3330_mt_read_count_file_mask
== test_3330_search_key_semantics.rex ==
PASS test_3330_search_key_semantics
== test_ccw0.rex ==
PASS test_ccw0
== test_ccw0_ignored_byte.rex ==
PASS test_ccw0_ignored_byte
== test_clock_instruction_range.rex ==
PASS test_clock_instruction_range
== test_clock_one_instruction_equivalence.rex ==
PASS test_clock_one_instruction_equivalence
== test_cpu_al.rex ==
PASS test_cpu_al
== test_cpu_al_live_trial.rex ==
PASS test_cpu_al_live_trial
== test_cpu_al_promotion_equivalence.rex ==
PASS test_cpu_al_promotion_equivalence
== test_cpu_alr.rex ==
PASS test_cpu_alr
== test_cpu_alr_live_trial.rex ==
PASS test_cpu_alr_live_trial
== test_cpu_alr_promotion_equivalence.rex ==
PASS test_cpu_alr_promotion_equivalence
== test_cpu_bal_aliasing.rex ==
PASS test_cpu_bal_aliasing
== test_cpu_cvd.rex ==
PASS test_cpu_cvd
== test_cpu_cvd_live_trial.rex ==
PASS test_cpu_cvd_live_trial
== test_cpu_ex_sequencing.rex ==
PASS test_cpu_ex_sequencing
== test_cpu_fast_gpr_equivalence.rex ==
PASS test_cpu_fast_gpr_equivalence
== test_cpu_lcr.rex ==
PASS test_cpu_lcr
== test_cpu_lcr_live_trial.rex ==
PASS test_cpu_lcr_live_trial
== test_cpu_lpsw_exact.rex ==
PASS test_cpu_lpsw_exact
== test_cpu_mc.rex ==
PASS test_cpu_mc
== test_cpu_mvn.rex ==
PASS test_cpu_mvn
== test_cpu_mvn_live_trial.rex ==
PASS test_cpu_mvn_live_trial
== test_cpu_mvn_promotion_equivalence.rex ==
PASS test_cpu_mvn_promotion_equivalence
== test_cpu_nc.rex ==
PASS test_cpu_nc
== test_cpu_nc_live_trial.rex ==
PASS test_cpu_nc_live_trial
== test_cpu_nc_promotion_equivalence.rex ==
PASS test_cpu_nc_promotion_equivalence
== test_cpu_nr.rex ==
PASS test_cpu_nr
== test_cpu_nr_live_trial.rex ==
PASS test_cpu_nr_live_trial
== test_cpu_o.rex ==
PASS test_cpu_o
== test_cpu_o_live_trial.rex ==
PASS test_cpu_o_live_trial
== test_cpu_o_promotion_equivalence.rex ==
PASS test_cpu_o_promotion_equivalence
== test_cpu_pack.rex ==
PASS test_cpu_pack
== test_cpu_sla.rex ==
PASS test_cpu_sla
== test_cpu_sra.rex ==
PASS test_cpu_sra
== test_cpu_tch.rex ==
PASS test_cpu_tch
== test_cpu_unpk.rex ==
PASS test_cpu_unpk
== test_cpu_unpk_live_trial.rex ==
PASS test_cpu_unpk_live_trial
== test_executor_live_method_removal.rex ==
PASS test_executor_live_method_removal
== test_executor_live_method_replacement.rex ==
PASS test_executor_live_method_replacement
== test_executor_live_method_seam.rex ==
PASS test_executor_live_method_seam
== test_freeze_fail_closed.rex ==
PASS test_freeze_fail_closed
== test_freeze_replay.rex ==
PASS test_freeze_replay
== test_ipl_channel_replay.rex ==
PASS test_ipl_channel_replay
== test_ipl_completion.rex ==
PASS test_ipl_completion
== test_ipl_first24.rex ==
PASS test_ipl_first24
== test_journal_freeze_separation.rex ==
