PASS /mnt/data/s370_cont/s24/ibm_4361_oorexx_v0.3-recovery2-journal2-safety24/IBM370Architecture.cls
PASS /mnt/data/s370_cont/s24/ibm_4361_oorexx_v0.3-recovery2-journal2-safety24/IBM370DASD.cls
PASS /mnt/data/s370_cont/s24/ibm_4361_oorexx_v0.3-recovery2-journal2-safety24/IBM370Executor.cls
PASS /mnt/data/s370_cont/s24/ibm_4361_oorexx_v0.3-recovery2-journal2-safety24/IBM370IO.cls
PASS /mnt/data/s370_cont/s24/ibm_4361_oorexx_v0.3-recovery2-journal2-safety24/IBM370Media.cls
PASS /mnt/data/s370_cont/s24/ibm_4361_oorexx_v0.3-recovery2-journal2-safety24/IBM4361.cls
PASS /mnt/data/s370_cont/s24/ibm_4361_oorexx_v0.3-recovery2-journal2-safety24/IBM4361Journal.cls
PASS /mnt/data/s370_cont/s24/ibm_4361_oorexx_v0.3-recovery2-journal2-safety24/IBM4361State.cls
PASS /mnt/data/s370_cont/s24/ibm_4361_oorexx_v0.3-recovery2-journal2-safety24/tests/probe_after_56k.rex
PASS /mnt/data/s370_cont/s24/ibm_4361_oorexx_v0.3-recovery2-journal2-safety24/tests/probe_after_56k_file.rex
PASS /mnt/data/s370_cont/s24/ibm_4361_oorexx_v0.3-recovery2-journal2-safety24/tests/probe_after_75k_file.rex
PASS /mnt/data/s370_cont/s24/ibm_4361_oorexx_v0.3-recovery2-journal2-safety24/tests/probe_al_promotion_microstate.rex
PASS /mnt/data/s370_cont/s24/ibm_4361_oorexx_v0.3-recovery2-journal2-safety24/tests/probe_before_dr.rex
PASS /mnt/data/s370_cont/s24/ibm_4361_oorexx_v0.3-recovery2-journal2-safety24/tests/probe_ccw_decisions.rex
PASS /mnt/data/s370_cont/s24/ibm_4361_oorexx_v0.3-recovery2-journal2-safety24/tests/probe_channel_frontier.rex
PASS /mnt/data/s370_cont/s24/ibm_4361_oorexx_v0.3-recovery2-journal2-safety24/tests/probe_console_acceptance.rex
PASS /mnt/data/s370_cont/s24/ibm_4361_oorexx_v0.3-recovery2-journal2-safety24/tests/probe_console_determination_io.rex
PASS /mnt/data/s370_cont/s24/ibm_4361_oorexx_v0.3-recovery2-journal2-safety24/tests/probe_console_pack_path.rex
PASS /mnt/data/s370_cont/s24/ibm_4361_oorexx_v0.3-recovery2-journal2-safety24/tests/probe_continue_mvt.rex
PASS /mnt/data/s370_cont/s24/ibm_4361_oorexx_v0.3-recovery2-journal2-safety24/tests/probe_cpu_bal_live_journal_trial.rex
PASS /mnt/data/s370_cont/s24/ibm_4361_oorexx_v0.3-recovery2-journal2-safety24/tests/probe_exact_next_stop.rex
PASS /mnt/data/s370_cont/s24/ibm_4361_oorexx_v0.3-recovery2-journal2-safety24/tests/probe_ffe038.rex
PASS /mnt/data/s370_cont/s24/ibm_4361_oorexx_v0.3-recovery2-journal2-safety24/tests/probe_high_loop.rex
PASS /mnt/data/s370_cont/s24/ibm_4361_oorexx_v0.3-recovery2-journal2-safety24/tests/probe_ipl_c38.rex
PASS /mnt/data/s370_cont/s24/ibm_4361_oorexx_v0.3-recovery2-journal2-safety24/tests/probe_ipl_coresize.rex
PASS /mnt/data/s370_cont/s24/ibm_4361_oorexx_v0.3-recovery2-journal2-safety24/tests/probe_ipl_first80.rex
PASS /mnt/data/s370_cont/s24/ibm_4361_oorexx_v0.3-recovery2-journal2-safety24/tests/probe_ipl_handoff.rex
PASS /mnt/data/s370_cont/s24/ibm_4361_oorexx_v0.3-recovery2-journal2-safety24/tests/probe_loader_detail.rex
PASS /mnt/data/s370_cont/s24/ibm_4361_oorexx_v0.3-recovery2-journal2-safety24/tests/probe_loader_fallthrough.rex
PASS /mnt/data/s370_cont/s24/ibm_4361_oorexx_v0.3-recovery2-journal2-safety24/tests/probe_loader_progress.rex
PASS /mnt/data/s370_cont/s24/ibm_4361_oorexx_v0.3-recovery2-journal2-safety24/tests/probe_long_frontier.rex
PASS /mnt/data/s370_cont/s24/ibm_4361_oorexx_v0.3-recovery2-journal2-safety24/tests/probe_mvt_62_program_interrupt_journal_handoff.rex
PASS /mnt/data/s370_cont/s24/ibm_4361_oorexx_v0.3-recovery2-journal2-safety24/tests/probe_mvt_al_journal_retry.rex
PASS /mnt/data/s370_cont/s24/ibm_4361_oorexx_v0.3-recovery2-journal2-safety24/tests/probe_mvt_alr_journal_handoff.rex
PASS /mnt/data/s370_cont/s24/ibm_4361_oorexx_v0.3-recovery2-journal2-safety24/tests/probe_mvt_bal_journal_retry.rex
PASS /mnt/data/s370_cont/s24/ibm_4361_oorexx_v0.3-recovery2-journal2-safety24/tests/probe_mvt_c4_program_interrupt_journal_handoff.rex
PASS /mnt/data/s370_cont/s24/ibm_4361_oorexx_v0.3-recovery2-journal2-safety24/tests/probe_mvt_console_progress.rex
PASS /mnt/data/s370_cont/s24/ibm_4361_oorexx_v0.3-recovery2-journal2-safety24/tests/probe_mvt_cvd_journal_retry.rex
PASS /mnt/data/s370_cont/s24/ibm_4361_oorexx_v0.3-recovery2-journal2-safety24/tests/probe_mvt_divide_frontier.rex
PASS /mnt/data/s370_cont/s24/ibm_4361_oorexx_v0.3-recovery2-journal2-safety24/tests/probe_mvt_ff_program_interrupt_journal_handoff.rex
PASS /mnt/data/s370_cont/s24/ibm_4361_oorexx_v0.3-recovery2-journal2-safety24/tests/probe_mvt_lcr_journal_retry.rex
PASS /mnt/data/s370_cont/s24/ibm_4361_oorexx_v0.3-recovery2-journal2-safety24/tests/probe_mvt_nc_journal_retry.rex
PASS /mnt/data/s370_cont/s24/ibm_4361_oorexx_v0.3-recovery2-journal2-safety24/tests/probe_mvt_nr_journal_retry.rex
PASS /mnt/data/s370_cont/s24/ibm_4361_oorexx_v0.3-recovery2-journal2-safety24/tests/probe_mvt_o_journal_retry.rex
PASS /mnt/data/s370_cont/s24/ibm_4361_oorexx_v0.3-recovery2-journal2-safety24/tests/probe_mvt_program_interrupt_journal_handoff.rex
PASS /mnt/data/s370_cont/s24/ibm_4361_oorexx_v0.3-recovery2-journal2-safety24/tests/probe_mvt_safety10_frontier.rex
PASS /mnt/data/s370_cont/s24/ibm_4361_oorexx_v0.3-recovery2-journal2-safety24/tests/probe_mvt_safety11_frontier.rex
PASS /mnt/data/s370_cont/s24/ibm_4361_oorexx_v0.3-recovery2-journal2-safety24/tests/probe_mvt_safety12_frontier.rex
PASS /mnt/data/s370_cont/s24/ibm_4361_oorexx_v0.3-recovery2-journal2-safety24/tests/probe_mvt_safety13_frontier.rex
PASS /mnt/data/s370_cont/s24/ibm_4361_oorexx_v0.3-recovery2-journal2-safety24/tests/probe_mvt_safety16_ff_trace.rex
PASS /mnt/data/s370_cont/s24/ibm_4361_oorexx_v0.3-recovery2-journal2-safety24/tests/probe_mvt_safety19_5d_spec_journal_handoff.rex
PASS /mnt/data/s370_cont/s24/ibm_4361_oorexx_v0.3-recovery2-journal2-safety24/tests/probe_mvt_safety20_d1_mvn_journal_handoff.rex
PASS /mnt/data/s370_cont/s24/ibm_4361_oorexx_v0.3-recovery2-journal2-safety24/tests/probe_mvt_safety20_permanent_frontier.rex
PASS /mnt/data/s370_cont/s24/ibm_4361_oorexx_v0.3-recovery2-journal2-safety24/tests/probe_mvt_safety21_65_program_interrupt_journal_handoff.rex
PASS /mnt/data/s370_cont/s24/ibm_4361_oorexx_v0.3-recovery2-journal2-safety24/tests/probe_mvt_safety22_02_permanent_frontier.rex
PASS /mnt/data/s370_cont/s24/ibm_4361_oorexx_v0.3-recovery2-journal2-safety24/tests/probe_mvt_safety22_02_program_interrupt_journal_handoff.rex
PASS /mnt/data/s370_cont/s24/ibm_4361_oorexx_v0.3-recovery2-journal2-safety24/tests/probe_mvt_safety23_70_permanent_frontier.rex
PASS /mnt/data/s370_cont/s24/ibm_4361_oorexx_v0.3-recovery2-journal2-safety24/tests/probe_mvt_safety23_70_specification_journal_handoff.rex
PASS /mnt/data/s370_cont/s24/ibm_4361_oorexx_v0.3-recovery2-journal2-safety24/tests/probe_mvt_safety24_ex_target_specification_journal_handoff.rex
PASS /mnt/data/s370_cont/s24/ibm_4361_oorexx_v0.3-recovery2-journal2-safety24/tests/probe_mvt_safety24_permanent_frontier.rex
PASS /mnt/data/s370_cont/s24/ibm_4361_oorexx_v0.3-recovery2-journal2-safety24/tests/probe_mvt_safety5_frontier.rex
PASS /mnt/data/s370_cont/s24/ibm_4361_oorexx_v0.3-recovery2-journal2-safety24/tests/probe_mvt_safety6_fast.rex
PASS /mnt/data/s370_cont/s24/ibm_4361_oorexx_v0.3-recovery2-journal2-safety24/tests/probe_mvt_safety6_frontier.rex
PASS /mnt/data/s370_cont/s24/ibm_4361_oorexx_v0.3-recovery2-journal2-safety24/tests/probe_mvt_safety7_frontier.rex
PASS /mnt/data/s370_cont/s24/ibm_4361_oorexx_v0.3-recovery2-journal2-safety24/tests/probe_mvt_safety8_b0_trace.rex
PASS /mnt/data/s370_cont/s24/ibm_4361_oorexx_v0.3-recovery2-journal2-safety24/tests/probe_mvt_safety9_frontier.rex
PASS /mnt/data/s370_cont/s24/ibm_4361_oorexx_v0.3-recovery2-journal2-safety24/tests/probe_mvt_with_3215.rex
PASS /mnt/data/s370_cont/s24/ibm_4361_oorexx_v0.3-recovery2-journal2-safety24/tests/probe_next_unsupported.rex
PASS /mnt/data/s370_cont/s24/ibm_4361_oorexx_v0.3-recovery2-journal2-safety24/tests/probe_pre_high_ring.rex
PASS /mnt/data/s370_cont/s24/ibm_4361_oorexx_v0.3-recovery2-journal2-safety24/tests/probe_relocated_handoff.rex
PASS /mnt/data/s370_cont/s24/ibm_4361_oorexx_v0.3-recovery2-journal2-safety24/tests/probe_relocation_ex.rex
PASS /mnt/data/s370_cont/s24/ibm_4361_oorexx_v0.3-recovery2-journal2-safety24/tests/probe_to_new_boundary_file.rex
PASS /mnt/data/s370_cont/s24/ibm_4361_oorexx_v0.3-recovery2-journal2-safety24/tests/probe_wait7_trace.rex
PASS /mnt/data/s370_cont/s24/ibm_4361_oorexx_v0.3-recovery2-journal2-safety24/tests/probe_wait_handoff_r6.rex
PASS /mnt/data/s370_cont/s24/ibm_4361_oorexx_v0.3-recovery2-journal2-safety24/tests/probe_watch_ffe608.rex
PASS /mnt/data/s370_cont/s24/ibm_4361_oorexx_v0.3-recovery2-journal2-safety24/tests/test_3215_console.rex
PASS /mnt/data/s370_cont/s24/ibm_4361_oorexx_v0.3-recovery2-journal2-safety24/tests/test_3330_mt_read_count_file_mask.rex
PASS /mnt/data/s370_cont/s24/ibm_4361_oorexx_v0.3-recovery2-journal2-safety24/tests/test_3330_search_key_semantics.rex
PASS /mnt/data/s370_cont/s24/ibm_4361_oorexx_v0.3-recovery2-journal2-safety24/tests/test_ccw0.rex
PASS /mnt/data/s370_cont/s24/ibm_4361_oorexx_v0.3-recovery2-journal2-safety24/tests/test_ccw0_ignored_byte.rex
PASS /mnt/data/s370_cont/s24/ibm_4361_oorexx_v0.3-recovery2-journal2-safety24/tests/test_clock_instruction_range.rex
PASS /mnt/data/s370_cont/s24/ibm_4361_oorexx_v0.3-recovery2-journal2-safety24/tests/test_clock_one_instruction_equivalence.rex
PASS /mnt/data/s370_cont/s24/ibm_4361_oorexx_v0.3-recovery2-journal2-safety24/tests/test_cpu_al.rex
PASS /mnt/data/s370_cont/s24/ibm_4361_oorexx_v0.3-recovery2-journal2-safety24/tests/test_cpu_al_live_trial.rex
PASS /mnt/data/s370_cont/s24/ibm_4361_oorexx_v0.3-recovery2-journal2-safety24/tests/test_cpu_al_promotion_equivalence.rex
PASS /mnt/data/s370_cont/s24/ibm_4361_oorexx_v0.3-recovery2-journal2-safety24/tests/test_cpu_alr.rex
PASS /mnt/data/s370_cont/s24/ibm_4361_oorexx_v0.3-recovery2-journal2-safety24/tests/test_cpu_alr_live_trial.rex
PASS /mnt/data/s370_cont/s24/ibm_4361_oorexx_v0.3-recovery2-journal2-safety24/tests/test_cpu_alr_promotion_equivalence.rex
PASS /mnt/data/s370_cont/s24/ibm_4361_oorexx_v0.3-recovery2-journal2-safety24/tests/test_cpu_bal_aliasing.rex
PASS /mnt/data/s370_cont/s24/ibm_4361_oorexx_v0.3-recovery2-journal2-safety24/tests/test_cpu_cvd.rex
PASS /mnt/data/s370_cont/s24/ibm_4361_oorexx_v0.3-recovery2-journal2-safety24/tests/test_cpu_cvd_live_trial.rex
PASS /mnt/data/s370_cont/s24/ibm_4361_oorexx_v0.3-recovery2-journal2-safety24/tests/test_cpu_ex_sequencing.rex
PASS /mnt/data/s370_cont/s24/ibm_4361_oorexx_v0.3-recovery2-journal2-safety24/tests/test_cpu_fast_gpr_equivalence.rex
PASS /mnt/data/s370_cont/s24/ibm_4361_oorexx_v0.3-recovery2-journal2-safety24/tests/test_cpu_lcr.rex
PASS /mnt/data/s370_cont/s24/ibm_4361_oorexx_v0.3-recovery2-journal2-safety24/tests/test_cpu_lcr_live_trial.rex
PASS /mnt/data/s370_cont/s24/ibm_4361_oorexx_v0.3-recovery2-journal2-safety24/tests/test_cpu_lpsw_exact.rex
PASS /mnt/data/s370_cont/s24/ibm_4361_oorexx_v0.3-recovery2-journal2-safety24/tests/test_cpu_mc.rex
PASS /mnt/data/s370_cont/s24/ibm_4361_oorexx_v0.3-recovery2-journal2-safety24/tests/test_cpu_mvn.rex
PASS /mnt/data/s370_cont/s24/ibm_4361_oorexx_v0.3-recovery2-journal2-safety24/tests/test_cpu_mvn_live_trial.rex
PASS /mnt/data/s370_cont/s24/ibm_4361_oorexx_v0.3-recovery2-journal2-safety24/tests/test_cpu_mvn_promotion_equivalence.rex
PASS /mnt/data/s370_cont/s24/ibm_4361_oorexx_v0.3-recovery2-journal2-safety24/tests/test_cpu_nc.rex
PASS /mnt/data/s370_cont/s24/ibm_4361_oorexx_v0.3-recovery2-journal2-safety24/tests/test_cpu_nc_live_trial.rex
PASS /mnt/data/s370_cont/s24/ibm_4361_oorexx_v0.3-recovery2-journal2-safety24/tests/test_cpu_nc_promotion_equivalence.rex
PASS /mnt/data/s370_cont/s24/ibm_4361_oorexx_v0.3-recovery2-journal2-safety24/tests/test_cpu_nr.rex
PASS /mnt/data/s370_cont/s24/ibm_4361_oorexx_v0.3-recovery2-journal2-safety24/tests/test_cpu_nr_live_trial.rex
PASS /mnt/data/s370_cont/s24/ibm_4361_oorexx_v0.3-recovery2-journal2-safety24/tests/test_cpu_o.rex
PASS /mnt/data/s370_cont/s24/ibm_4361_oorexx_v0.3-recovery2-journal2-safety24/tests/test_cpu_o_live_trial.rex
PASS /mnt/data/s370_cont/s24/ibm_4361_oorexx_v0.3-recovery2-journal2-safety24/tests/test_cpu_o_promotion_equivalence.rex
PASS /mnt/data/s370_cont/s24/ibm_4361_oorexx_v0.3-recovery2-journal2-safety24/tests/test_cpu_pack.rex
PASS /mnt/data/s370_cont/s24/ibm_4361_oorexx_v0.3-recovery2-journal2-safety24/tests/test_cpu_sla.rex
PASS /mnt/data/s370_cont/s24/ibm_4361_oorexx_v0.3-recovery2-journal2-safety24/tests/test_cpu_sra.rex
PASS /mnt/data/s370_cont/s24/ibm_4361_oorexx_v0.3-recovery2-journal2-safety24/tests/test_cpu_tch.rex
PASS /mnt/data/s370_cont/s24/ibm_4361_oorexx_v0.3-recovery2-journal2-safety24/tests/test_cpu_unpk.rex
PASS /mnt/data/s370_cont/s24/ibm_4361_oorexx_v0.3-recovery2-journal2-safety24/tests/test_cpu_unpk_live_trial.rex
PASS /mnt/data/s370_cont/s24/ibm_4361_oorexx_v0.3-recovery2-journal2-safety24/tests/test_executor_live_method_removal.rex
PASS /mnt/data/s370_cont/s24/ibm_4361_oorexx_v0.3-recovery2-journal2-safety24/tests/test_executor_live_method_replacement.rex
PASS /mnt/data/s370_cont/s24/ibm_4361_oorexx_v0.3-recovery2-journal2-safety24/tests/test_executor_live_method_seam.rex
PASS /mnt/data/s370_cont/s24/ibm_4361_oorexx_v0.3-recovery2-journal2-safety24/tests/test_freeze_fail_closed.rex
PASS /mnt/data/s370_cont/s24/ibm_4361_oorexx_v0.3-recovery2-journal2-safety24/tests/test_freeze_replay.rex
PASS /mnt/data/s370_cont/s24/ibm_4361_oorexx_v0.3-recovery2-journal2-safety24/tests/test_ipl_channel_replay.rex
PASS /mnt/data/s370_cont/s24/ibm_4361_oorexx_v0.3-recovery2-journal2-safety24/tests/test_ipl_completion.rex
PASS /mnt/data/s370_cont/s24/ibm_4361_oorexx_v0.3-recovery2-journal2-safety24/tests/test_ipl_first24.rex
PASS /mnt/data/s370_cont/s24/ibm_4361_oorexx_v0.3-recovery2-journal2-safety24/tests/test_journal_freeze_separation.rex
PASS /mnt/data/s370_cont/s24/ibm_4361_oorexx_v0.3-recovery2-journal2-safety24/tests/test_journal_instruction_rewind.rex
PASS /mnt/data/s370_cont/s24/ibm_4361_oorexx_v0.3-recovery2-journal2-safety24/tests/test_journal_ipl_rewind.rex
PASS /mnt/data/s370_cont/s24/ibm_4361_oorexx_v0.3-recovery2-journal2-safety24/tests/test_journal_live_patch_rewind.rex
PASS /mnt/data/s370_cont/s24/ibm_4361_oorexx_v0.3-recovery2-journal2-safety24/tests/test_journal_storage_branching.rex
PASS /mnt/data/s370_cont/s24/ibm_4361_oorexx_v0.3-recovery2-journal2-safety24/tests/test_mvt_mc_live_journal_trial.rex
PASS /mnt/data/s370_cont/s24/ibm_4361_oorexx_v0.3-recovery2-journal2-safety24/tests/test_mvt_unpk_frontier_microstate.rex
PASS /mnt/data/s370_cont/s24/ibm_4361_oorexx_v0.3-recovery2-journal2-safety24/tests/test_nucleus.rex
PASS /mnt/data/s370_cont/s24/ibm_4361_oorexx_v0.3-recovery2-journal2-safety24/tests/test_program_operation_interrupt.rex
PASS /mnt/data/s370_cont/s24/ibm_4361_oorexx_v0.3-recovery2-journal2-safety24/tests/test_program_operation_interrupt_02.rex
PASS /mnt/data/s370_cont/s24/ibm_4361_oorexx_v0.3-recovery2-journal2-safety24/tests/test_program_operation_interrupt_02_live_trial.rex
PASS /mnt/data/s370_cont/s24/ibm_4361_oorexx_v0.3-recovery2-journal2-safety24/tests/test_program_operation_interrupt_02_promotion_equivalence.rex
PASS /mnt/data/s370_cont/s24/ibm_4361_oorexx_v0.3-recovery2-journal2-safety24/tests/test_program_operation_interrupt_62.rex
PASS /mnt/data/s370_cont/s24/ibm_4361_oorexx_v0.3-recovery2-journal2-safety24/tests/test_program_operation_interrupt_62_live_trial.rex
PASS /mnt/data/s370_cont/s24/ibm_4361_oorexx_v0.3-recovery2-journal2-safety24/tests/test_program_operation_interrupt_62_promotion_equivalence.rex
PASS /mnt/data/s370_cont/s24/ibm_4361_oorexx_v0.3-recovery2-journal2-safety24/tests/test_program_operation_interrupt_65.rex
PASS /mnt/data/s370_cont/s24/ibm_4361_oorexx_v0.3-recovery2-journal2-safety24/tests/test_program_operation_interrupt_65_live_trial.rex
PASS /mnt/data/s370_cont/s24/ibm_4361_oorexx_v0.3-recovery2-journal2-safety24/tests/test_program_operation_interrupt_65_promotion_equivalence.rex
PASS /mnt/data/s370_cont/s24/ibm_4361_oorexx_v0.3-recovery2-journal2-safety24/tests/test_program_operation_interrupt_c4.rex
PASS /mnt/data/s370_cont/s24/ibm_4361_oorexx_v0.3-recovery2-journal2-safety24/tests/test_program_operation_interrupt_c4_live_trial.rex
PASS /mnt/data/s370_cont/s24/ibm_4361_oorexx_v0.3-recovery2-journal2-safety24/tests/test_program_operation_interrupt_c4_promotion_equivalence.rex
PASS /mnt/data/s370_cont/s24/ibm_4361_oorexx_v0.3-recovery2-journal2-safety24/tests/test_program_operation_interrupt_ff.rex
PASS /mnt/data/s370_cont/s24/ibm_4361_oorexx_v0.3-recovery2-journal2-safety24/tests/test_program_operation_interrupt_ff_live_trial.rex
PASS /mnt/data/s370_cont/s24/ibm_4361_oorexx_v0.3-recovery2-journal2-safety24/tests/test_program_operation_interrupt_ff_promotion_equivalence.rex
PASS /mnt/data/s370_cont/s24/ibm_4361_oorexx_v0.3-recovery2-journal2-safety24/tests/test_program_operation_interrupt_live_trial.rex
PASS /mnt/data/s370_cont/s24/ibm_4361_oorexx_v0.3-recovery2-journal2-safety24/tests/test_program_operation_interrupt_promotion_equivalence.rex
PASS /mnt/data/s370_cont/s24/ibm_4361_oorexx_v0.3-recovery2-journal2-safety24/tests/test_program_specification_interrupt_5d.rex
PASS /mnt/data/s370_cont/s24/ibm_4361_oorexx_v0.3-recovery2-journal2-safety24/tests/test_program_specification_interrupt_5d_live_trial.rex
PASS /mnt/data/s370_cont/s24/ibm_4361_oorexx_v0.3-recovery2-journal2-safety24/tests/test_program_specification_interrupt_5d_promotion_equivalence.rex
PASS /mnt/data/s370_cont/s24/ibm_4361_oorexx_v0.3-recovery2-journal2-safety24/tests/test_program_specification_interrupt_70.rex
PASS /mnt/data/s370_cont/s24/ibm_4361_oorexx_v0.3-recovery2-journal2-safety24/tests/test_program_specification_interrupt_70_live_trial.rex
PASS /mnt/data/s370_cont/s24/ibm_4361_oorexx_v0.3-recovery2-journal2-safety24/tests/test_program_specification_interrupt_70_promotion_equivalence.rex
PASS /mnt/data/s370_cont/s24/ibm_4361_oorexx_v0.3-recovery2-journal2-safety24/tests/test_program_specification_interrupt_ex_target_live_trial.rex
PASS /mnt/data/s370_cont/s24/ibm_4361_oorexx_v0.3-recovery2-journal2-safety24/tests/test_program_specification_interrupt_ex_target_permanent.rex
PASS /mnt/data/s370_cont/s24/ibm_4361_oorexx_v0.3-recovery2-journal2-safety24/tests/test_program_specification_interrupt_ex_target_promotion_equivalence.rex
PASS /mnt/data/s370_cont/s24/ibm_4361_oorexx_v0.3-recovery2-journal2-safety24/tests/test_real_media.rex
PASS /mnt/data/s370_cont/s24/ibm_4361_oorexx_v0.3-recovery2-journal2-safety24/tests/test_real_mvt_ipl.rex
PASS /mnt/data/s370_cont/s24/ibm_4361_oorexx_v0.3-recovery2-journal2-safety24/tests/test_state_tamper_rejected.rex
PASS /mnt/data/s370_cont/s24/ibm_4361_oorexx_v0.3-recovery2-journal2-safety24/tests/test_storage_small_fastpath.rex
PASS /mnt/data/s370_cont/s24/ibm_4361_oorexx_v0.3-recovery2-journal2-safety24/tests/test_tic.rex
COMPILE PASS 162 sources
